
Memory Configuration

Name             Origin             Length             Attributes
flash            0x08000000         0x00020000         xr
sram             0x20000000         0x00005000         xrw
*default*        0x00000000         0xffffffff

Linker script and memory map


.text           0x08000000      0x140
 *(.vectors*)
 .vectors       0x08000000       0x1c startup.o
                0x08000000                vectors
 *(.text*)
 .text          0x0800001c       0x94 main.o
                0x0800001c                NMI_Handler
                0x08000028                H_fault_Handler
                0x08000034                main
 .text          0x080000b0       0x90 startup.o
                0x080000b0                MM_fault_Hander
                0x080000b0                Default_Handler
                0x080000b0                Bus_Handler
                0x080000b0                Usage_falut_Handler
                0x080000bc                Reset_Handler
 *(.rodata)
                0x08000140                _E_TEXT = .

.glue_7         0x08000140        0x0
 .glue_7        0x08000140        0x0 linker stubs

.glue_7t        0x08000140        0x0
 .glue_7t       0x08000140        0x0 linker stubs

.vfp11_veneer   0x08000140        0x0
 .vfp11_veneer  0x08000140        0x0 linker stubs

.v4_bx          0x08000140        0x0
 .v4_bx         0x08000140        0x0 linker stubs

.iplt           0x08000140        0x0
 .iplt          0x08000140        0x0 main.o

.rel.dyn        0x08000140        0x0
 .rel.iplt      0x08000140        0x0 main.o

.data           0x20000000        0x0 load address 0x08000140
                0x20000000                _S_DATA = .
 *(.data)
 .data          0x20000000        0x0 main.o
 .data          0x20000000        0x0 startup.o
                0x20000000                _E_DATA = .

.igot.plt       0x20000000        0x0 load address 0x08000140
 .igot.plt      0x20000000        0x0 main.o

.bss            0x20000000     0x1000 load address 0x08000140
                0x20000000                _S_BSS = .
 *(.bss)
 .bss           0x20000000        0x0 main.o
 .bss           0x20000000        0x0 startup.o
                0x20000000                _E_BSS = .
                0x20001000                . = (. + 0x1000)
 *fill*         0x20000000     0x1000 
                0x20001000                _stack_top = .
LOAD main.o
LOAD startup.o
OUTPUT(learn-in-depth-cortex-m3.elf elf32-littlearm)

.debug_info     0x00000000      0x244
 .debug_info    0x00000000       0xee main.o
 .debug_info    0x000000ee      0x156 startup.o

.debug_abbrev   0x00000000      0x14e
 .debug_abbrev  0x00000000       0x8e main.o
 .debug_abbrev  0x0000008e       0xc0 startup.o

.debug_aranges  0x00000000       0x40
 .debug_aranges
                0x00000000       0x20 main.o
 .debug_aranges
                0x00000020       0x20 startup.o

.debug_line     0x00000000      0x233
 .debug_line    0x00000000      0x113 main.o
 .debug_line    0x00000113      0x120 startup.o

.debug_str      0x00000000      0x19b
 .debug_str     0x00000000      0x11b main.o
                                0x158 (size before relaxing)
 .debug_str     0x0000011b       0x80 startup.o
                                0x1b0 (size before relaxing)

.comment        0x00000000       0x7e
 .comment       0x00000000       0x7e main.o
                                 0x7f (size before relaxing)
 .comment       0x0000007e       0x7f startup.o

.ARM.attributes
                0x00000000       0x33
 .ARM.attributes
                0x00000000       0x33 main.o
 .ARM.attributes
                0x00000033       0x33 startup.o

.debug_frame    0x00000000       0xbc
 .debug_frame   0x00000000       0x6c main.o
 .debug_frame   0x0000006c       0x50 startup.o
