Archive member included to satisfy reference by file (symbol)

c:/st/stm32cubeide_1.4.0/stm32cubeide/plugins/com.st.stm32cube.ide.mcu.externaltools.gnu-tools-for-stm32.7-2018-q2-update.win32_1.4.0.202007081208/tools/bin/../lib/gcc/arm-none-eabi/7.3.1/../../../../arm-none-eabi/lib/thumb/v7-m\libc_nano.a(lib_a-errno.o)
                              Src/syscalls.o (__errno)
c:/st/stm32cubeide_1.4.0/stm32cubeide/plugins/com.st.stm32cube.ide.mcu.externaltools.gnu-tools-for-stm32.7-2018-q2-update.win32_1.4.0.202007081208/tools/bin/../lib/gcc/arm-none-eabi/7.3.1/../../../../arm-none-eabi/lib/thumb/v7-m\libc_nano.a(lib_a-exit.o)
                              c:/st/stm32cubeide_1.4.0/stm32cubeide/plugins/com.st.stm32cube.ide.mcu.externaltools.gnu-tools-for-stm32.7-2018-q2-update.win32_1.4.0.202007081208/tools/bin/../lib/gcc/arm-none-eabi/7.3.1/../../../../arm-none-eabi/lib/thumb/v7-m/crt0.o (exit)
c:/st/stm32cubeide_1.4.0/stm32cubeide/plugins/com.st.stm32cube.ide.mcu.externaltools.gnu-tools-for-stm32.7-2018-q2-update.win32_1.4.0.202007081208/tools/bin/../lib/gcc/arm-none-eabi/7.3.1/../../../../arm-none-eabi/lib/thumb/v7-m\libc_nano.a(lib_a-impure.o)
                              c:/st/stm32cubeide_1.4.0/stm32cubeide/plugins/com.st.stm32cube.ide.mcu.externaltools.gnu-tools-for-stm32.7-2018-q2-update.win32_1.4.0.202007081208/tools/bin/../lib/gcc/arm-none-eabi/7.3.1/../../../../arm-none-eabi/lib/thumb/v7-m\libc_nano.a(lib_a-exit.o) (_global_impure_ptr)
c:/st/stm32cubeide_1.4.0/stm32cubeide/plugins/com.st.stm32cube.ide.mcu.externaltools.gnu-tools-for-stm32.7-2018-q2-update.win32_1.4.0.202007081208/tools/bin/../lib/gcc/arm-none-eabi/7.3.1/../../../../arm-none-eabi/lib/thumb/v7-m\libc_nano.a(lib_a-init.o)
                              c:/st/stm32cubeide_1.4.0/stm32cubeide/plugins/com.st.stm32cube.ide.mcu.externaltools.gnu-tools-for-stm32.7-2018-q2-update.win32_1.4.0.202007081208/tools/bin/../lib/gcc/arm-none-eabi/7.3.1/../../../../arm-none-eabi/lib/thumb/v7-m/crt0.o (__libc_init_array)
c:/st/stm32cubeide_1.4.0/stm32cubeide/plugins/com.st.stm32cube.ide.mcu.externaltools.gnu-tools-for-stm32.7-2018-q2-update.win32_1.4.0.202007081208/tools/bin/../lib/gcc/arm-none-eabi/7.3.1/../../../../arm-none-eabi/lib/thumb/v7-m\libc_nano.a(lib_a-memset.o)
                              c:/st/stm32cubeide_1.4.0/stm32cubeide/plugins/com.st.stm32cube.ide.mcu.externaltools.gnu-tools-for-stm32.7-2018-q2-update.win32_1.4.0.202007081208/tools/bin/../lib/gcc/arm-none-eabi/7.3.1/../../../../arm-none-eabi/lib/thumb/v7-m/crt0.o (memset)

Discarded input sections

 .text          0x0000000000000000        0x0 c:/st/stm32cubeide_1.4.0/stm32cubeide/plugins/com.st.stm32cube.ide.mcu.externaltools.gnu-tools-for-stm32.7-2018-q2-update.win32_1.4.0.202007081208/tools/bin/../lib/gcc/arm-none-eabi/7.3.1/thumb/v7-m/crti.o
 .data          0x0000000000000000        0x0 c:/st/stm32cubeide_1.4.0/stm32cubeide/plugins/com.st.stm32cube.ide.mcu.externaltools.gnu-tools-for-stm32.7-2018-q2-update.win32_1.4.0.202007081208/tools/bin/../lib/gcc/arm-none-eabi/7.3.1/thumb/v7-m/crti.o
 .bss           0x0000000000000000        0x0 c:/st/stm32cubeide_1.4.0/stm32cubeide/plugins/com.st.stm32cube.ide.mcu.externaltools.gnu-tools-for-stm32.7-2018-q2-update.win32_1.4.0.202007081208/tools/bin/../lib/gcc/arm-none-eabi/7.3.1/thumb/v7-m/crti.o
 .data          0x0000000000000000        0x4 c:/st/stm32cubeide_1.4.0/stm32cubeide/plugins/com.st.stm32cube.ide.mcu.externaltools.gnu-tools-for-stm32.7-2018-q2-update.win32_1.4.0.202007081208/tools/bin/../lib/gcc/arm-none-eabi/7.3.1/thumb/v7-m/crtbegin.o
 .text          0x0000000000000000       0x74 c:/st/stm32cubeide_1.4.0/stm32cubeide/plugins/com.st.stm32cube.ide.mcu.externaltools.gnu-tools-for-stm32.7-2018-q2-update.win32_1.4.0.202007081208/tools/bin/../lib/gcc/arm-none-eabi/7.3.1/../../../../arm-none-eabi/lib/thumb/v7-m/crt0.o
 .data          0x0000000000000000        0x0 c:/st/stm32cubeide_1.4.0/stm32cubeide/plugins/com.st.stm32cube.ide.mcu.externaltools.gnu-tools-for-stm32.7-2018-q2-update.win32_1.4.0.202007081208/tools/bin/../lib/gcc/arm-none-eabi/7.3.1/../../../../arm-none-eabi/lib/thumb/v7-m/crt0.o
 .bss           0x0000000000000000        0x0 c:/st/stm32cubeide_1.4.0/stm32cubeide/plugins/com.st.stm32cube.ide.mcu.externaltools.gnu-tools-for-stm32.7-2018-q2-update.win32_1.4.0.202007081208/tools/bin/../lib/gcc/arm-none-eabi/7.3.1/../../../../arm-none-eabi/lib/thumb/v7-m/crt0.o
 .ARM.extab     0x0000000000000000        0x0 c:/st/stm32cubeide_1.4.0/stm32cubeide/plugins/com.st.stm32cube.ide.mcu.externaltools.gnu-tools-for-stm32.7-2018-q2-update.win32_1.4.0.202007081208/tools/bin/../lib/gcc/arm-none-eabi/7.3.1/../../../../arm-none-eabi/lib/thumb/v7-m/crt0.o
 .ARM.exidx     0x0000000000000000        0x8 c:/st/stm32cubeide_1.4.0/stm32cubeide/plugins/com.st.stm32cube.ide.mcu.externaltools.gnu-tools-for-stm32.7-2018-q2-update.win32_1.4.0.202007081208/tools/bin/../lib/gcc/arm-none-eabi/7.3.1/../../../../arm-none-eabi/lib/thumb/v7-m/crt0.o
 .ARM.attributes
                0x0000000000000000       0x1b c:/st/stm32cubeide_1.4.0/stm32cubeide/plugins/com.st.stm32cube.ide.mcu.externaltools.gnu-tools-for-stm32.7-2018-q2-update.win32_1.4.0.202007081208/tools/bin/../lib/gcc/arm-none-eabi/7.3.1/../../../../arm-none-eabi/lib/thumb/v7-m/crt0.o
 .group         0x0000000000000000        0xc STM32_F103C6_DRIVERS/I2C_SLAVE_EEPROM.o
 .group         0x0000000000000000        0xc STM32_F103C6_DRIVERS/I2C_SLAVE_EEPROM.o
 .group         0x0000000000000000        0xc STM32_F103C6_DRIVERS/I2C_SLAVE_EEPROM.o
 .group         0x0000000000000000        0xc STM32_F103C6_DRIVERS/I2C_SLAVE_EEPROM.o
 .group         0x0000000000000000        0xc STM32_F103C6_DRIVERS/I2C_SLAVE_EEPROM.o
 .group         0x0000000000000000        0xc STM32_F103C6_DRIVERS/I2C_SLAVE_EEPROM.o
 .group         0x0000000000000000        0xc STM32_F103C6_DRIVERS/I2C_SLAVE_EEPROM.o
 .group         0x0000000000000000        0xc STM32_F103C6_DRIVERS/I2C_SLAVE_EEPROM.o
 .group         0x0000000000000000        0xc STM32_F103C6_DRIVERS/I2C_SLAVE_EEPROM.o
 .group         0x0000000000000000        0xc STM32_F103C6_DRIVERS/I2C_SLAVE_EEPROM.o
 .group         0x0000000000000000        0xc STM32_F103C6_DRIVERS/I2C_SLAVE_EEPROM.o
 .group         0x0000000000000000        0xc STM32_F103C6_DRIVERS/I2C_SLAVE_EEPROM.o
 .group         0x0000000000000000        0xc STM32_F103C6_DRIVERS/I2C_SLAVE_EEPROM.o
 .group         0x0000000000000000        0xc STM32_F103C6_DRIVERS/I2C_SLAVE_EEPROM.o
 .group         0x0000000000000000        0xc STM32_F103C6_DRIVERS/I2C_SLAVE_EEPROM.o
 .group         0x0000000000000000        0xc STM32_F103C6_DRIVERS/I2C_SLAVE_EEPROM.o
 .group         0x0000000000000000        0xc STM32_F103C6_DRIVERS/I2C_SLAVE_EEPROM.o
 .group         0x0000000000000000        0xc STM32_F103C6_DRIVERS/I2C_SLAVE_EEPROM.o
 .group         0x0000000000000000        0xc STM32_F103C6_DRIVERS/I2C_SLAVE_EEPROM.o
 .group         0x0000000000000000        0xc STM32_F103C6_DRIVERS/I2C_SLAVE_EEPROM.o
 .group         0x0000000000000000        0xc STM32_F103C6_DRIVERS/I2C_SLAVE_EEPROM.o
 .group         0x0000000000000000        0xc STM32_F103C6_DRIVERS/I2C_SLAVE_EEPROM.o
 .group         0x0000000000000000        0xc STM32_F103C6_DRIVERS/I2C_SLAVE_EEPROM.o
 .group         0x0000000000000000        0xc STM32_F103C6_DRIVERS/I2C_SLAVE_EEPROM.o
 .group         0x0000000000000000        0xc STM32_F103C6_DRIVERS/I2C_SLAVE_EEPROM.o
 .group         0x0000000000000000        0xc STM32_F103C6_DRIVERS/I2C_SLAVE_EEPROM.o
 .text          0x0000000000000000        0x0 STM32_F103C6_DRIVERS/I2C_SLAVE_EEPROM.o
 .data          0x0000000000000000        0x0 STM32_F103C6_DRIVERS/I2C_SLAVE_EEPROM.o
 .bss           0x0000000000000000        0x0 STM32_F103C6_DRIVERS/I2C_SLAVE_EEPROM.o
 .group         0x0000000000000000        0xc STM32_F103C6_DRIVERS/STM32F103C6_I2C_DRIVER.o
 .group         0x0000000000000000        0xc STM32_F103C6_DRIVERS/STM32F103C6_I2C_DRIVER.o
 .group         0x0000000000000000        0xc STM32_F103C6_DRIVERS/STM32F103C6_I2C_DRIVER.o
 .group         0x0000000000000000        0xc STM32_F103C6_DRIVERS/STM32F103C6_I2C_DRIVER.o
 .group         0x0000000000000000        0xc STM32_F103C6_DRIVERS/STM32F103C6_I2C_DRIVER.o
 .group         0x0000000000000000        0xc STM32_F103C6_DRIVERS/STM32F103C6_I2C_DRIVER.o
 .group         0x0000000000000000        0xc STM32_F103C6_DRIVERS/STM32F103C6_I2C_DRIVER.o
 .group         0x0000000000000000        0xc STM32_F103C6_DRIVERS/STM32F103C6_I2C_DRIVER.o
 .group         0x0000000000000000        0xc STM32_F103C6_DRIVERS/STM32F103C6_I2C_DRIVER.o
 .group         0x0000000000000000        0xc STM32_F103C6_DRIVERS/STM32F103C6_I2C_DRIVER.o
 .group         0x0000000000000000        0xc STM32_F103C6_DRIVERS/STM32F103C6_I2C_DRIVER.o
 .group         0x0000000000000000        0xc STM32_F103C6_DRIVERS/STM32F103C6_I2C_DRIVER.o
 .group         0x0000000000000000        0xc STM32_F103C6_DRIVERS/STM32F103C6_I2C_DRIVER.o
 .group         0x0000000000000000        0xc STM32_F103C6_DRIVERS/STM32F103C6_I2C_DRIVER.o
 .group         0x0000000000000000        0xc STM32_F103C6_DRIVERS/STM32F103C6_I2C_DRIVER.o
 .group         0x0000000000000000        0xc STM32_F103C6_DRIVERS/STM32F103C6_I2C_DRIVER.o
 .group         0x0000000000000000        0xc STM32_F103C6_DRIVERS/STM32F103C6_I2C_DRIVER.o
 .group         0x0000000000000000        0xc STM32_F103C6_DRIVERS/STM32F103C6_I2C_DRIVER.o
 .group         0x0000000000000000        0xc STM32_F103C6_DRIVERS/STM32F103C6_I2C_DRIVER.o
 .group         0x0000000000000000        0xc STM32_F103C6_DRIVERS/STM32F103C6_I2C_DRIVER.o
 .group         0x0000000000000000        0xc STM32_F103C6_DRIVERS/STM32F103C6_I2C_DRIVER.o
 .group         0x0000000000000000        0xc STM32_F103C6_DRIVERS/STM32F103C6_I2C_DRIVER.o
 .group         0x0000000000000000        0xc STM32_F103C6_DRIVERS/STM32F103C6_I2C_DRIVER.o
 .group         0x0000000000000000        0xc STM32_F103C6_DRIVERS/STM32F103C6_I2C_DRIVER.o
 .group         0x0000000000000000        0xc STM32_F103C6_DRIVERS/STM32F103C6_I2C_DRIVER.o
 .group         0x0000000000000000        0xc STM32_F103C6_DRIVERS/STM32F103C6_I2C_DRIVER.o
 .text          0x0000000000000000        0x0 STM32_F103C6_DRIVERS/STM32F103C6_I2C_DRIVER.o
 .data          0x0000000000000000        0x0 STM32_F103C6_DRIVERS/STM32F103C6_I2C_DRIVER.o
 .bss           0x0000000000000000        0x0 STM32_F103C6_DRIVERS/STM32F103C6_I2C_DRIVER.o
 .text.MCAL_I2C_DeInit
                0x0000000000000000       0x80 STM32_F103C6_DRIVERS/STM32F103C6_I2C_DRIVER.o
 .text.MCAL_I2C_Slave_Send_Data
                0x0000000000000000       0x1c STM32_F103C6_DRIVERS/STM32F103C6_I2C_DRIVER.o
 .text.MCAL_I2C_Slave_Receive_Data
                0x0000000000000000       0x1a STM32_F103C6_DRIVERS/STM32F103C6_I2C_DRIVER.o
 .debug_macro   0x0000000000000000      0xa60 STM32_F103C6_DRIVERS/STM32F103C6_I2C_DRIVER.o
 .debug_macro   0x0000000000000000       0x18 STM32_F103C6_DRIVERS/STM32F103C6_I2C_DRIVER.o
 .debug_macro   0x0000000000000000       0x22 STM32_F103C6_DRIVERS/STM32F103C6_I2C_DRIVER.o
 .debug_macro   0x0000000000000000       0x40 STM32_F103C6_DRIVERS/STM32F103C6_I2C_DRIVER.o
 .debug_macro   0x0000000000000000       0x94 STM32_F103C6_DRIVERS/STM32F103C6_I2C_DRIVER.o
 .debug_macro   0x0000000000000000       0x3c STM32_F103C6_DRIVERS/STM32F103C6_I2C_DRIVER.o
 .debug_macro   0x0000000000000000       0x34 STM32_F103C6_DRIVERS/STM32F103C6_I2C_DRIVER.o
 .debug_macro   0x0000000000000000       0x16 STM32_F103C6_DRIVERS/STM32F103C6_I2C_DRIVER.o
 .debug_macro   0x0000000000000000      0x10e STM32_F103C6_DRIVERS/STM32F103C6_I2C_DRIVER.o
 .debug_macro   0x0000000000000000       0x8d STM32_F103C6_DRIVERS/STM32F103C6_I2C_DRIVER.o
 .debug_macro   0x0000000000000000       0x57 STM32_F103C6_DRIVERS/STM32F103C6_I2C_DRIVER.o
 .debug_macro   0x0000000000000000       0x52 STM32_F103C6_DRIVERS/STM32F103C6_I2C_DRIVER.o
 .debug_macro   0x0000000000000000       0x1f STM32_F103C6_DRIVERS/STM32F103C6_I2C_DRIVER.o
 .debug_macro   0x0000000000000000       0x43 STM32_F103C6_DRIVERS/STM32F103C6_I2C_DRIVER.o
 .debug_macro   0x0000000000000000       0x20 STM32_F103C6_DRIVERS/STM32F103C6_I2C_DRIVER.o
 .debug_macro   0x0000000000000000      0x1a3 STM32_F103C6_DRIVERS/STM32F103C6_I2C_DRIVER.o
 .debug_macro   0x0000000000000000      0x330 STM32_F103C6_DRIVERS/STM32F103C6_I2C_DRIVER.o
 .debug_macro   0x0000000000000000       0x16 STM32_F103C6_DRIVERS/STM32F103C6_I2C_DRIVER.o
 .debug_macro   0x0000000000000000       0x29 STM32_F103C6_DRIVERS/STM32F103C6_I2C_DRIVER.o
 .debug_macro   0x0000000000000000       0xef STM32_F103C6_DRIVERS/STM32F103C6_I2C_DRIVER.o
 .debug_macro   0x0000000000000000       0x6a STM32_F103C6_DRIVERS/STM32F103C6_I2C_DRIVER.o
 .debug_macro   0x0000000000000000      0x1df STM32_F103C6_DRIVERS/STM32F103C6_I2C_DRIVER.o
 .debug_macro   0x0000000000000000      0x6b8 STM32_F103C6_DRIVERS/STM32F103C6_I2C_DRIVER.o
 .debug_macro   0x0000000000000000       0xd6 STM32_F103C6_DRIVERS/STM32F103C6_I2C_DRIVER.o
 .debug_macro   0x0000000000000000       0x10 STM32_F103C6_DRIVERS/STM32F103C6_I2C_DRIVER.o
 .debug_macro   0x0000000000000000       0x58 STM32_F103C6_DRIVERS/STM32F103C6_I2C_DRIVER.o
 .group         0x0000000000000000        0xc STM32_F103C6_DRIVERS/STM32_F103C6_GPIO_DRIVERS.o
 .group         0x0000000000000000        0xc STM32_F103C6_DRIVERS/STM32_F103C6_GPIO_DRIVERS.o
 .group         0x0000000000000000        0xc STM32_F103C6_DRIVERS/STM32_F103C6_GPIO_DRIVERS.o
 .group         0x0000000000000000        0xc STM32_F103C6_DRIVERS/STM32_F103C6_GPIO_DRIVERS.o
 .group         0x0000000000000000        0xc STM32_F103C6_DRIVERS/STM32_F103C6_GPIO_DRIVERS.o
 .group         0x0000000000000000        0xc STM32_F103C6_DRIVERS/STM32_F103C6_GPIO_DRIVERS.o
 .group         0x0000000000000000        0xc STM32_F103C6_DRIVERS/STM32_F103C6_GPIO_DRIVERS.o
 .group         0x0000000000000000        0xc STM32_F103C6_DRIVERS/STM32_F103C6_GPIO_DRIVERS.o
 .group         0x0000000000000000        0xc STM32_F103C6_DRIVERS/STM32_F103C6_GPIO_DRIVERS.o
 .group         0x0000000000000000        0xc STM32_F103C6_DRIVERS/STM32_F103C6_GPIO_DRIVERS.o
 .group         0x0000000000000000        0xc STM32_F103C6_DRIVERS/STM32_F103C6_GPIO_DRIVERS.o
 .group         0x0000000000000000        0xc STM32_F103C6_DRIVERS/STM32_F103C6_GPIO_DRIVERS.o
 .group         0x0000000000000000        0xc STM32_F103C6_DRIVERS/STM32_F103C6_GPIO_DRIVERS.o
 .group         0x0000000000000000        0xc STM32_F103C6_DRIVERS/STM32_F103C6_GPIO_DRIVERS.o
 .group         0x0000000000000000        0xc STM32_F103C6_DRIVERS/STM32_F103C6_GPIO_DRIVERS.o
 .group         0x0000000000000000        0xc STM32_F103C6_DRIVERS/STM32_F103C6_GPIO_DRIVERS.o
 .group         0x0000000000000000        0xc STM32_F103C6_DRIVERS/STM32_F103C6_GPIO_DRIVERS.o
 .group         0x0000000000000000        0xc STM32_F103C6_DRIVERS/STM32_F103C6_GPIO_DRIVERS.o
 .group         0x0000000000000000        0xc STM32_F103C6_DRIVERS/STM32_F103C6_GPIO_DRIVERS.o
 .group         0x0000000000000000        0xc STM32_F103C6_DRIVERS/STM32_F103C6_GPIO_DRIVERS.o
 .group         0x0000000000000000        0xc STM32_F103C6_DRIVERS/STM32_F103C6_GPIO_DRIVERS.o
 .group         0x0000000000000000        0xc STM32_F103C6_DRIVERS/STM32_F103C6_GPIO_DRIVERS.o
 .group         0x0000000000000000        0xc STM32_F103C6_DRIVERS/STM32_F103C6_GPIO_DRIVERS.o
 .group         0x0000000000000000        0xc STM32_F103C6_DRIVERS/STM32_F103C6_GPIO_DRIVERS.o
 .text          0x0000000000000000        0x0 STM32_F103C6_DRIVERS/STM32_F103C6_GPIO_DRIVERS.o
 .data          0x0000000000000000        0x0 STM32_F103C6_DRIVERS/STM32_F103C6_GPIO_DRIVERS.o
 .bss           0x0000000000000000        0x0 STM32_F103C6_DRIVERS/STM32_F103C6_GPIO_DRIVERS.o
 .text.MCAL_GPIO_DeInit
                0x0000000000000000       0xd4 STM32_F103C6_DRIVERS/STM32_F103C6_GPIO_DRIVERS.o
 .text.MCAL_GPIO_Read_Pin
                0x0000000000000000       0x32 STM32_F103C6_DRIVERS/STM32_F103C6_GPIO_DRIVERS.o
 .text.MCAL_GPIO_ReadPort
                0x0000000000000000       0x1e STM32_F103C6_DRIVERS/STM32_F103C6_GPIO_DRIVERS.o
 .text.MCAL_GPIO_WritePin
                0x0000000000000000       0x3c STM32_F103C6_DRIVERS/STM32_F103C6_GPIO_DRIVERS.o
 .text.MCAL_GPIO_WritePort
                0x0000000000000000       0x1c STM32_F103C6_DRIVERS/STM32_F103C6_GPIO_DRIVERS.o
 .text.MCAL_GPIO_Toggle_pin
                0x0000000000000000       0x22 STM32_F103C6_DRIVERS/STM32_F103C6_GPIO_DRIVERS.o
 .text.MCAL_GPIO_Lock_pin
                0x0000000000000000       0x4c STM32_F103C6_DRIVERS/STM32_F103C6_GPIO_DRIVERS.o
 .debug_macro   0x0000000000000000      0xa60 STM32_F103C6_DRIVERS/STM32_F103C6_GPIO_DRIVERS.o
 .debug_macro   0x0000000000000000       0x18 STM32_F103C6_DRIVERS/STM32_F103C6_GPIO_DRIVERS.o
 .debug_macro   0x0000000000000000       0x22 STM32_F103C6_DRIVERS/STM32_F103C6_GPIO_DRIVERS.o
 .debug_macro   0x0000000000000000       0x40 STM32_F103C6_DRIVERS/STM32_F103C6_GPIO_DRIVERS.o
 .debug_macro   0x0000000000000000       0x94 STM32_F103C6_DRIVERS/STM32_F103C6_GPIO_DRIVERS.o
 .debug_macro   0x0000000000000000       0x3c STM32_F103C6_DRIVERS/STM32_F103C6_GPIO_DRIVERS.o
 .debug_macro   0x0000000000000000       0x34 STM32_F103C6_DRIVERS/STM32_F103C6_GPIO_DRIVERS.o
 .debug_macro   0x0000000000000000       0x16 STM32_F103C6_DRIVERS/STM32_F103C6_GPIO_DRIVERS.o
 .debug_macro   0x0000000000000000      0x10e STM32_F103C6_DRIVERS/STM32_F103C6_GPIO_DRIVERS.o
 .debug_macro   0x0000000000000000       0x8d STM32_F103C6_DRIVERS/STM32_F103C6_GPIO_DRIVERS.o
 .debug_macro   0x0000000000000000       0x57 STM32_F103C6_DRIVERS/STM32_F103C6_GPIO_DRIVERS.o
 .debug_macro   0x0000000000000000       0x52 STM32_F103C6_DRIVERS/STM32_F103C6_GPIO_DRIVERS.o
 .debug_macro   0x0000000000000000       0x1f STM32_F103C6_DRIVERS/STM32_F103C6_GPIO_DRIVERS.o
 .debug_macro   0x0000000000000000       0x43 STM32_F103C6_DRIVERS/STM32_F103C6_GPIO_DRIVERS.o
 .debug_macro   0x0000000000000000       0x20 STM32_F103C6_DRIVERS/STM32_F103C6_GPIO_DRIVERS.o
 .debug_macro   0x0000000000000000      0x1a3 STM32_F103C6_DRIVERS/STM32_F103C6_GPIO_DRIVERS.o
 .debug_macro   0x0000000000000000      0x330 STM32_F103C6_DRIVERS/STM32_F103C6_GPIO_DRIVERS.o
 .debug_macro   0x0000000000000000       0x16 STM32_F103C6_DRIVERS/STM32_F103C6_GPIO_DRIVERS.o
 .debug_macro   0x0000000000000000       0x29 STM32_F103C6_DRIVERS/STM32_F103C6_GPIO_DRIVERS.o
 .debug_macro   0x0000000000000000       0xef STM32_F103C6_DRIVERS/STM32_F103C6_GPIO_DRIVERS.o
 .debug_macro   0x0000000000000000       0x6a STM32_F103C6_DRIVERS/STM32_F103C6_GPIO_DRIVERS.o
 .debug_macro   0x0000000000000000      0x1df STM32_F103C6_DRIVERS/STM32_F103C6_GPIO_DRIVERS.o
 .debug_macro   0x0000000000000000      0x6b8 STM32_F103C6_DRIVERS/STM32_F103C6_GPIO_DRIVERS.o
 .group         0x0000000000000000        0xc STM32_F103C6_DRIVERS/STM32_F103C6_RCC_DRIVERS.o
 .group         0x0000000000000000        0xc STM32_F103C6_DRIVERS/STM32_F103C6_RCC_DRIVERS.o
 .group         0x0000000000000000        0xc STM32_F103C6_DRIVERS/STM32_F103C6_RCC_DRIVERS.o
 .group         0x0000000000000000        0xc STM32_F103C6_DRIVERS/STM32_F103C6_RCC_DRIVERS.o
 .group         0x0000000000000000        0xc STM32_F103C6_DRIVERS/STM32_F103C6_RCC_DRIVERS.o
 .group         0x0000000000000000        0xc STM32_F103C6_DRIVERS/STM32_F103C6_RCC_DRIVERS.o
 .group         0x0000000000000000        0xc STM32_F103C6_DRIVERS/STM32_F103C6_RCC_DRIVERS.o
 .group         0x0000000000000000        0xc STM32_F103C6_DRIVERS/STM32_F103C6_RCC_DRIVERS.o
 .group         0x0000000000000000        0xc STM32_F103C6_DRIVERS/STM32_F103C6_RCC_DRIVERS.o
 .group         0x0000000000000000        0xc STM32_F103C6_DRIVERS/STM32_F103C6_RCC_DRIVERS.o
 .group         0x0000000000000000        0xc STM32_F103C6_DRIVERS/STM32_F103C6_RCC_DRIVERS.o
 .group         0x0000000000000000        0xc STM32_F103C6_DRIVERS/STM32_F103C6_RCC_DRIVERS.o
 .group         0x0000000000000000        0xc STM32_F103C6_DRIVERS/STM32_F103C6_RCC_DRIVERS.o
 .group         0x0000000000000000        0xc STM32_F103C6_DRIVERS/STM32_F103C6_RCC_DRIVERS.o
 .group         0x0000000000000000        0xc STM32_F103C6_DRIVERS/STM32_F103C6_RCC_DRIVERS.o
 .group         0x0000000000000000        0xc STM32_F103C6_DRIVERS/STM32_F103C6_RCC_DRIVERS.o
 .group         0x0000000000000000        0xc STM32_F103C6_DRIVERS/STM32_F103C6_RCC_DRIVERS.o
 .group         0x0000000000000000        0xc STM32_F103C6_DRIVERS/STM32_F103C6_RCC_DRIVERS.o
 .group         0x0000000000000000        0xc STM32_F103C6_DRIVERS/STM32_F103C6_RCC_DRIVERS.o
 .group         0x0000000000000000        0xc STM32_F103C6_DRIVERS/STM32_F103C6_RCC_DRIVERS.o
 .group         0x0000000000000000        0xc STM32_F103C6_DRIVERS/STM32_F103C6_RCC_DRIVERS.o
 .group         0x0000000000000000        0xc STM32_F103C6_DRIVERS/STM32_F103C6_RCC_DRIVERS.o
 .group         0x0000000000000000        0xc STM32_F103C6_DRIVERS/STM32_F103C6_RCC_DRIVERS.o
 .group         0x0000000000000000        0xc STM32_F103C6_DRIVERS/STM32_F103C6_RCC_DRIVERS.o
 .text          0x0000000000000000        0x0 STM32_F103C6_DRIVERS/STM32_F103C6_RCC_DRIVERS.o
 .data          0x0000000000000000        0x0 STM32_F103C6_DRIVERS/STM32_F103C6_RCC_DRIVERS.o
 .bss           0x0000000000000000        0x0 STM32_F103C6_DRIVERS/STM32_F103C6_RCC_DRIVERS.o
 .text.MCAL_RCC_Get_PCLK2_Freq
                0x0000000000000000       0x28 STM32_F103C6_DRIVERS/STM32_F103C6_RCC_DRIVERS.o
 .debug_macro   0x0000000000000000      0xa60 STM32_F103C6_DRIVERS/STM32_F103C6_RCC_DRIVERS.o
 .debug_macro   0x0000000000000000       0x18 STM32_F103C6_DRIVERS/STM32_F103C6_RCC_DRIVERS.o
 .debug_macro   0x0000000000000000       0x22 STM32_F103C6_DRIVERS/STM32_F103C6_RCC_DRIVERS.o
 .debug_macro   0x0000000000000000       0x40 STM32_F103C6_DRIVERS/STM32_F103C6_RCC_DRIVERS.o
 .debug_macro   0x0000000000000000       0x94 STM32_F103C6_DRIVERS/STM32_F103C6_RCC_DRIVERS.o
 .debug_macro   0x0000000000000000       0x3c STM32_F103C6_DRIVERS/STM32_F103C6_RCC_DRIVERS.o
 .debug_macro   0x0000000000000000       0x34 STM32_F103C6_DRIVERS/STM32_F103C6_RCC_DRIVERS.o
 .debug_macro   0x0000000000000000       0x16 STM32_F103C6_DRIVERS/STM32_F103C6_RCC_DRIVERS.o
 .debug_macro   0x0000000000000000      0x10e STM32_F103C6_DRIVERS/STM32_F103C6_RCC_DRIVERS.o
 .debug_macro   0x0000000000000000       0x8d STM32_F103C6_DRIVERS/STM32_F103C6_RCC_DRIVERS.o
 .debug_macro   0x0000000000000000       0x57 STM32_F103C6_DRIVERS/STM32_F103C6_RCC_DRIVERS.o
 .debug_macro   0x0000000000000000       0x52 STM32_F103C6_DRIVERS/STM32_F103C6_RCC_DRIVERS.o
 .debug_macro   0x0000000000000000       0x1f STM32_F103C6_DRIVERS/STM32_F103C6_RCC_DRIVERS.o
 .debug_macro   0x0000000000000000       0x43 STM32_F103C6_DRIVERS/STM32_F103C6_RCC_DRIVERS.o
 .debug_macro   0x0000000000000000       0x20 STM32_F103C6_DRIVERS/STM32_F103C6_RCC_DRIVERS.o
 .debug_macro   0x0000000000000000      0x1a3 STM32_F103C6_DRIVERS/STM32_F103C6_RCC_DRIVERS.o
 .debug_macro   0x0000000000000000      0x330 STM32_F103C6_DRIVERS/STM32_F103C6_RCC_DRIVERS.o
 .debug_macro   0x0000000000000000       0x16 STM32_F103C6_DRIVERS/STM32_F103C6_RCC_DRIVERS.o
 .debug_macro   0x0000000000000000       0x29 STM32_F103C6_DRIVERS/STM32_F103C6_RCC_DRIVERS.o
 .debug_macro   0x0000000000000000       0xef STM32_F103C6_DRIVERS/STM32_F103C6_RCC_DRIVERS.o
 .debug_macro   0x0000000000000000       0x6a STM32_F103C6_DRIVERS/STM32_F103C6_RCC_DRIVERS.o
 .debug_macro   0x0000000000000000      0x1df STM32_F103C6_DRIVERS/STM32_F103C6_RCC_DRIVERS.o
 .debug_macro   0x0000000000000000      0x6b8 STM32_F103C6_DRIVERS/STM32_F103C6_RCC_DRIVERS.o
 .debug_macro   0x0000000000000000       0xd0 STM32_F103C6_DRIVERS/STM32_F103C6_RCC_DRIVERS.o
 .group         0x0000000000000000        0xc Src/main.o
 .group         0x0000000000000000        0xc Src/main.o
 .group         0x0000000000000000        0xc Src/main.o
 .group         0x0000000000000000        0xc Src/main.o
 .group         0x0000000000000000        0xc Src/main.o
 .group         0x0000000000000000        0xc Src/main.o
 .group         0x0000000000000000        0xc Src/main.o
 .group         0x0000000000000000        0xc Src/main.o
 .group         0x0000000000000000        0xc Src/main.o
 .group         0x0000000000000000        0xc Src/main.o
 .group         0x0000000000000000        0xc Src/main.o
 .group         0x0000000000000000        0xc Src/main.o
 .group         0x0000000000000000        0xc Src/main.o
 .group         0x0000000000000000        0xc Src/main.o
 .group         0x0000000000000000        0xc Src/main.o
 .group         0x0000000000000000        0xc Src/main.o
 .group         0x0000000000000000        0xc Src/main.o
 .group         0x0000000000000000        0xc Src/main.o
 .group         0x0000000000000000        0xc Src/main.o
 .group         0x0000000000000000        0xc Src/main.o
 .group         0x0000000000000000        0xc Src/main.o
 .group         0x0000000000000000        0xc Src/main.o
 .group         0x0000000000000000        0xc Src/main.o
 .group         0x0000000000000000        0xc Src/main.o
 .group         0x0000000000000000        0xc Src/main.o
 .text          0x0000000000000000        0x0 Src/main.o
 .data          0x0000000000000000        0x0 Src/main.o
 .bss           0x0000000000000000        0x0 Src/main.o
 .debug_macro   0x0000000000000000      0xa60 Src/main.o
 .debug_macro   0x0000000000000000       0x18 Src/main.o
 .debug_macro   0x0000000000000000       0x22 Src/main.o
 .debug_macro   0x0000000000000000       0x40 Src/main.o
 .debug_macro   0x0000000000000000       0x94 Src/main.o
 .debug_macro   0x0000000000000000       0x3c Src/main.o
 .debug_macro   0x0000000000000000       0x34 Src/main.o
 .debug_macro   0x0000000000000000       0x16 Src/main.o
 .debug_macro   0x0000000000000000      0x10e Src/main.o
 .debug_macro   0x0000000000000000       0x8d Src/main.o
 .debug_macro   0x0000000000000000       0x57 Src/main.o
 .debug_macro   0x0000000000000000       0x52 Src/main.o
 .debug_macro   0x0000000000000000       0x1f Src/main.o
 .debug_macro   0x0000000000000000       0x43 Src/main.o
 .debug_macro   0x0000000000000000       0x20 Src/main.o
 .debug_macro   0x0000000000000000      0x1a3 Src/main.o
 .debug_macro   0x0000000000000000      0x330 Src/main.o
 .debug_macro   0x0000000000000000       0x16 Src/main.o
 .debug_macro   0x0000000000000000       0x29 Src/main.o
 .debug_macro   0x0000000000000000       0xef Src/main.o
 .debug_macro   0x0000000000000000       0x6a Src/main.o
 .debug_macro   0x0000000000000000      0x1df Src/main.o
 .debug_macro   0x0000000000000000      0x6b8 Src/main.o
 .debug_macro   0x0000000000000000       0xd0 Src/main.o
 .debug_macro   0x0000000000000000       0x58 Src/main.o
 .group         0x0000000000000000        0xc Src/syscalls.o
 .group         0x0000000000000000        0xc Src/syscalls.o
 .group         0x0000000000000000        0xc Src/syscalls.o
 .group         0x0000000000000000        0xc Src/syscalls.o
 .group         0x0000000000000000        0xc Src/syscalls.o
 .group         0x0000000000000000        0xc Src/syscalls.o
 .group         0x0000000000000000        0xc Src/syscalls.o
 .group         0x0000000000000000        0xc Src/syscalls.o
 .group         0x0000000000000000        0xc Src/syscalls.o
 .group         0x0000000000000000        0xc Src/syscalls.o
 .group         0x0000000000000000        0xc Src/syscalls.o
 .group         0x0000000000000000        0xc Src/syscalls.o
 .group         0x0000000000000000        0xc Src/syscalls.o
 .group         0x0000000000000000        0xc Src/syscalls.o
 .group         0x0000000000000000        0xc Src/syscalls.o
 .group         0x0000000000000000        0xc Src/syscalls.o
 .group         0x0000000000000000        0xc Src/syscalls.o
 .group         0x0000000000000000        0xc Src/syscalls.o
 .group         0x0000000000000000        0xc Src/syscalls.o
 .group         0x0000000000000000        0xc Src/syscalls.o
 .group         0x0000000000000000        0xc Src/syscalls.o
 .group         0x0000000000000000        0xc Src/syscalls.o
 .group         0x0000000000000000        0xc Src/syscalls.o
 .group         0x0000000000000000        0xc Src/syscalls.o
 .group         0x0000000000000000        0xc Src/syscalls.o
 .group         0x0000000000000000        0xc Src/syscalls.o
 .group         0x0000000000000000        0xc Src/syscalls.o
 .group         0x0000000000000000        0xc Src/syscalls.o
 .group         0x0000000000000000        0xc Src/syscalls.o
 .group         0x0000000000000000        0xc Src/syscalls.o
 .group         0x0000000000000000        0xc Src/syscalls.o
 .group         0x0000000000000000        0xc Src/syscalls.o
 .group         0x0000000000000000        0xc Src/syscalls.o
 .group         0x0000000000000000        0xc Src/syscalls.o
 .group         0x0000000000000000        0xc Src/syscalls.o
 .group         0x0000000000000000        0xc Src/syscalls.o
 .group         0x0000000000000000        0xc Src/syscalls.o
 .group         0x0000000000000000        0xc Src/syscalls.o
 .group         0x0000000000000000        0xc Src/syscalls.o
 .group         0x0000000000000000        0xc Src/syscalls.o
 .group         0x0000000000000000        0xc Src/syscalls.o
 .group         0x0000000000000000        0xc Src/syscalls.o
 .group         0x0000000000000000        0xc Src/syscalls.o
 .group         0x0000000000000000        0xc Src/syscalls.o
 .text          0x0000000000000000        0x0 Src/syscalls.o
 .data          0x0000000000000000        0x0 Src/syscalls.o
 .bss           0x0000000000000000        0x0 Src/syscalls.o
 .bss.__env     0x0000000000000000        0x4 Src/syscalls.o
 .data.environ  0x0000000000000000        0x4 Src/syscalls.o
 .text.initialise_monitor_handles
                0x0000000000000000        0xc Src/syscalls.o
 .text._getpid  0x0000000000000000        0xe Src/syscalls.o
 .text._kill    0x0000000000000000       0x20 Src/syscalls.o
 .text._exit    0x0000000000000000       0x14 Src/syscalls.o
 .text._read    0x0000000000000000       0x3a Src/syscalls.o
 .text._write   0x0000000000000000       0x38 Src/syscalls.o
 .text._close   0x0000000000000000       0x16 Src/syscalls.o
 .text._fstat   0x0000000000000000       0x1e Src/syscalls.o
 .text._isatty  0x0000000000000000       0x14 Src/syscalls.o
 .text._lseek   0x0000000000000000       0x18 Src/syscalls.o
 .text._open    0x0000000000000000       0x1a Src/syscalls.o
 .text._wait    0x0000000000000000       0x1e Src/syscalls.o
 .text._unlink  0x0000000000000000       0x1e Src/syscalls.o
 .text._times   0x0000000000000000       0x16 Src/syscalls.o
 .text._stat    0x0000000000000000       0x1e Src/syscalls.o
 .text._link    0x0000000000000000       0x20 Src/syscalls.o
 .text._fork    0x0000000000000000       0x16 Src/syscalls.o
 .text._execve  0x0000000000000000       0x22 Src/syscalls.o
 .debug_info    0x0000000000000000     0x1038 Src/syscalls.o
 .debug_abbrev  0x0000000000000000      0x254 Src/syscalls.o
 .debug_loc     0x0000000000000000      0x5b8 Src/syscalls.o
 .debug_aranges
                0x0000000000000000       0xa8 Src/syscalls.o
 .debug_ranges  0x0000000000000000       0x98 Src/syscalls.o
 .debug_macro   0x0000000000000000      0x243 Src/syscalls.o
 .debug_macro   0x0000000000000000      0xa60 Src/syscalls.o
 .debug_macro   0x0000000000000000       0x22 Src/syscalls.o
 .debug_macro   0x0000000000000000       0x40 Src/syscalls.o
 .debug_macro   0x0000000000000000       0x18 Src/syscalls.o
 .debug_macro   0x0000000000000000       0x94 Src/syscalls.o
 .debug_macro   0x0000000000000000       0x3c Src/syscalls.o
 .debug_macro   0x0000000000000000       0x34 Src/syscalls.o
 .debug_macro   0x0000000000000000       0x57 Src/syscalls.o
 .debug_macro   0x0000000000000000      0x174 Src/syscalls.o
 .debug_macro   0x0000000000000000      0x330 Src/syscalls.o
 .debug_macro   0x0000000000000000       0x52 Src/syscalls.o
 .debug_macro   0x0000000000000000       0x1f Src/syscalls.o
 .debug_macro   0x0000000000000000       0x43 Src/syscalls.o
 .debug_macro   0x0000000000000000       0x20 Src/syscalls.o
 .debug_macro   0x0000000000000000      0x1a3 Src/syscalls.o
 .debug_macro   0x0000000000000000       0x10 Src/syscalls.o
 .debug_macro   0x0000000000000000       0x35 Src/syscalls.o
 .debug_macro   0x0000000000000000       0x10 Src/syscalls.o
 .debug_macro   0x0000000000000000       0x10 Src/syscalls.o
 .debug_macro   0x0000000000000000       0x10 Src/syscalls.o
 .debug_macro   0x0000000000000000       0x6a Src/syscalls.o
 .debug_macro   0x0000000000000000       0x1c Src/syscalls.o
 .debug_macro   0x0000000000000000       0x52 Src/syscalls.o
 .debug_macro   0x0000000000000000       0x40 Src/syscalls.o
 .debug_macro   0x0000000000000000       0x10 Src/syscalls.o
 .debug_macro   0x0000000000000000       0x40 Src/syscalls.o
 .debug_macro   0x0000000000000000       0xd7 Src/syscalls.o
 .debug_macro   0x0000000000000000       0x1c Src/syscalls.o
 .debug_macro   0x0000000000000000       0x3d Src/syscalls.o
 .debug_macro   0x0000000000000000       0x35 Src/syscalls.o
 .debug_macro   0x0000000000000000      0x122 Src/syscalls.o
 .debug_macro   0x0000000000000000       0x16 Src/syscalls.o
 .debug_macro   0x0000000000000000       0x16 Src/syscalls.o
 .debug_macro   0x0000000000000000       0x29 Src/syscalls.o
 .debug_macro   0x0000000000000000       0x10 Src/syscalls.o
 .debug_macro   0x0000000000000000      0x241 Src/syscalls.o
 .debug_macro   0x0000000000000000       0x1c Src/syscalls.o
 .debug_macro   0x0000000000000000       0x10 Src/syscalls.o
 .debug_macro   0x0000000000000000       0x10 Src/syscalls.o
 .debug_macro   0x0000000000000000       0x16 Src/syscalls.o
 .debug_macro   0x0000000000000000      0x145 Src/syscalls.o
 .debug_macro   0x0000000000000000      0x189 Src/syscalls.o
 .debug_macro   0x0000000000000000       0x16 Src/syscalls.o
 .debug_macro   0x0000000000000000       0x88 Src/syscalls.o
 .debug_line    0x0000000000000000      0x739 Src/syscalls.o
 .debug_str     0x0000000000000000     0x887d Src/syscalls.o
 .comment       0x0000000000000000       0x7c Src/syscalls.o
 .debug_frame   0x0000000000000000      0x2ac Src/syscalls.o
 .ARM.attributes
                0x0000000000000000       0x33 Src/syscalls.o
 .group         0x0000000000000000        0xc Src/sysmem.o
 .group         0x0000000000000000        0xc Src/sysmem.o
 .group         0x0000000000000000        0xc Src/sysmem.o
 .group         0x0000000000000000        0xc Src/sysmem.o
 .group         0x0000000000000000        0xc Src/sysmem.o
 .group         0x0000000000000000        0xc Src/sysmem.o
 .group         0x0000000000000000        0xc Src/sysmem.o
 .group         0x0000000000000000        0xc Src/sysmem.o
 .group         0x0000000000000000        0xc Src/sysmem.o
 .group         0x0000000000000000        0xc Src/sysmem.o
 .group         0x0000000000000000        0xc Src/sysmem.o
 .group         0x0000000000000000        0xc Src/sysmem.o
 .group         0x0000000000000000        0xc Src/sysmem.o
 .group         0x0000000000000000        0xc Src/sysmem.o
 .group         0x0000000000000000        0xc Src/sysmem.o
 .group         0x0000000000000000        0xc Src/sysmem.o
 .group         0x0000000000000000        0xc Src/sysmem.o
 .group         0x0000000000000000        0xc Src/sysmem.o
 .group         0x0000000000000000        0xc Src/sysmem.o
 .text          0x0000000000000000        0x0 Src/sysmem.o
 .data          0x0000000000000000        0x0 Src/sysmem.o
 .bss           0x0000000000000000        0x0 Src/sysmem.o
 .bss.__sbrk_heap_end
                0x0000000000000000        0x4 Src/sysmem.o
 .text._sbrk    0x0000000000000000       0x6c Src/sysmem.o
 .debug_info    0x0000000000000000      0xa7c Src/sysmem.o
 .debug_abbrev  0x0000000000000000      0x18e Src/sysmem.o
 .debug_loc     0x0000000000000000       0x50 Src/sysmem.o
 .debug_aranges
                0x0000000000000000       0x20 Src/sysmem.o
 .debug_ranges  0x0000000000000000       0x10 Src/sysmem.o
 .debug_macro   0x0000000000000000       0xee Src/sysmem.o
 .debug_macro   0x0000000000000000      0xa60 Src/sysmem.o
 .debug_macro   0x0000000000000000       0x10 Src/sysmem.o
 .debug_macro   0x0000000000000000       0x22 Src/sysmem.o
 .debug_macro   0x0000000000000000       0x40 Src/sysmem.o
 .debug_macro   0x0000000000000000       0x18 Src/sysmem.o
 .debug_macro   0x0000000000000000       0x94 Src/sysmem.o
 .debug_macro   0x0000000000000000       0x3c Src/sysmem.o
 .debug_macro   0x0000000000000000       0x34 Src/sysmem.o
 .debug_macro   0x0000000000000000      0x174 Src/sysmem.o
 .debug_macro   0x0000000000000000       0x57 Src/sysmem.o
 .debug_macro   0x0000000000000000       0x52 Src/sysmem.o
 .debug_macro   0x0000000000000000       0x1f Src/sysmem.o
 .debug_macro   0x0000000000000000       0x43 Src/sysmem.o
 .debug_macro   0x0000000000000000       0x20 Src/sysmem.o
 .debug_macro   0x0000000000000000      0x1a3 Src/sysmem.o
 .debug_macro   0x0000000000000000      0x23b Src/sysmem.o
 .debug_macro   0x0000000000000000       0xef Src/sysmem.o
 .debug_macro   0x0000000000000000       0x6a Src/sysmem.o
 .debug_macro   0x0000000000000000      0x1df Src/sysmem.o
 .debug_line    0x0000000000000000      0x4c2 Src/sysmem.o
 .debug_str     0x0000000000000000     0x5f4b Src/sysmem.o
 .comment       0x0000000000000000       0x7c Src/sysmem.o
 .debug_frame   0x0000000000000000       0x34 Src/sysmem.o
 .ARM.attributes
                0x0000000000000000       0x33 Src/sysmem.o
 .text          0x0000000000000000       0x14 Startup/startup_stm32f103c6tx.o
 .data          0x0000000000000000        0x0 Startup/startup_stm32f103c6tx.o
 .bss           0x0000000000000000        0x0 Startup/startup_stm32f103c6tx.o
 .text          0x0000000000000000        0x0 c:/st/stm32cubeide_1.4.0/stm32cubeide/plugins/com.st.stm32cube.ide.mcu.externaltools.gnu-tools-for-stm32.7-2018-q2-update.win32_1.4.0.202007081208/tools/bin/../lib/gcc/arm-none-eabi/7.3.1/../../../../arm-none-eabi/lib/thumb/v7-m\libc_nano.a(lib_a-errno.o)
 .data          0x0000000000000000        0x0 c:/st/stm32cubeide_1.4.0/stm32cubeide/plugins/com.st.stm32cube.ide.mcu.externaltools.gnu-tools-for-stm32.7-2018-q2-update.win32_1.4.0.202007081208/tools/bin/../lib/gcc/arm-none-eabi/7.3.1/../../../../arm-none-eabi/lib/thumb/v7-m\libc_nano.a(lib_a-errno.o)
 .bss           0x0000000000000000        0x0 c:/st/stm32cubeide_1.4.0/stm32cubeide/plugins/com.st.stm32cube.ide.mcu.externaltools.gnu-tools-for-stm32.7-2018-q2-update.win32_1.4.0.202007081208/tools/bin/../lib/gcc/arm-none-eabi/7.3.1/../../../../arm-none-eabi/lib/thumb/v7-m\libc_nano.a(lib_a-errno.o)
 .text.__errno  0x0000000000000000        0xc c:/st/stm32cubeide_1.4.0/stm32cubeide/plugins/com.st.stm32cube.ide.mcu.externaltools.gnu-tools-for-stm32.7-2018-q2-update.win32_1.4.0.202007081208/tools/bin/../lib/gcc/arm-none-eabi/7.3.1/../../../../arm-none-eabi/lib/thumb/v7-m\libc_nano.a(lib_a-errno.o)
 .debug_frame   0x0000000000000000       0x20 c:/st/stm32cubeide_1.4.0/stm32cubeide/plugins/com.st.stm32cube.ide.mcu.externaltools.gnu-tools-for-stm32.7-2018-q2-update.win32_1.4.0.202007081208/tools/bin/../lib/gcc/arm-none-eabi/7.3.1/../../../../arm-none-eabi/lib/thumb/v7-m\libc_nano.a(lib_a-errno.o)
 .ARM.attributes
                0x0000000000000000       0x2d c:/st/stm32cubeide_1.4.0/stm32cubeide/plugins/com.st.stm32cube.ide.mcu.externaltools.gnu-tools-for-stm32.7-2018-q2-update.win32_1.4.0.202007081208/tools/bin/../lib/gcc/arm-none-eabi/7.3.1/../../../../arm-none-eabi/lib/thumb/v7-m\libc_nano.a(lib_a-errno.o)
 .text          0x0000000000000000        0x0 c:/st/stm32cubeide_1.4.0/stm32cubeide/plugins/com.st.stm32cube.ide.mcu.externaltools.gnu-tools-for-stm32.7-2018-q2-update.win32_1.4.0.202007081208/tools/bin/../lib/gcc/arm-none-eabi/7.3.1/../../../../arm-none-eabi/lib/thumb/v7-m\libc_nano.a(lib_a-exit.o)
 .data          0x0000000000000000        0x0 c:/st/stm32cubeide_1.4.0/stm32cubeide/plugins/com.st.stm32cube.ide.mcu.externaltools.gnu-tools-for-stm32.7-2018-q2-update.win32_1.4.0.202007081208/tools/bin/../lib/gcc/arm-none-eabi/7.3.1/../../../../arm-none-eabi/lib/thumb/v7-m\libc_nano.a(lib_a-exit.o)
 .bss           0x0000000000000000        0x0 c:/st/stm32cubeide_1.4.0/stm32cubeide/plugins/com.st.stm32cube.ide.mcu.externaltools.gnu-tools-for-stm32.7-2018-q2-update.win32_1.4.0.202007081208/tools/bin/../lib/gcc/arm-none-eabi/7.3.1/../../../../arm-none-eabi/lib/thumb/v7-m\libc_nano.a(lib_a-exit.o)
 .text.exit     0x0000000000000000       0x28 c:/st/stm32cubeide_1.4.0/stm32cubeide/plugins/com.st.stm32cube.ide.mcu.externaltools.gnu-tools-for-stm32.7-2018-q2-update.win32_1.4.0.202007081208/tools/bin/../lib/gcc/arm-none-eabi/7.3.1/../../../../arm-none-eabi/lib/thumb/v7-m\libc_nano.a(lib_a-exit.o)
 .debug_frame   0x0000000000000000       0x28 c:/st/stm32cubeide_1.4.0/stm32cubeide/plugins/com.st.stm32cube.ide.mcu.externaltools.gnu-tools-for-stm32.7-2018-q2-update.win32_1.4.0.202007081208/tools/bin/../lib/gcc/arm-none-eabi/7.3.1/../../../../arm-none-eabi/lib/thumb/v7-m\libc_nano.a(lib_a-exit.o)
 .ARM.attributes
                0x0000000000000000       0x2d c:/st/stm32cubeide_1.4.0/stm32cubeide/plugins/com.st.stm32cube.ide.mcu.externaltools.gnu-tools-for-stm32.7-2018-q2-update.win32_1.4.0.202007081208/tools/bin/../lib/gcc/arm-none-eabi/7.3.1/../../../../arm-none-eabi/lib/thumb/v7-m\libc_nano.a(lib_a-exit.o)
 .text          0x0000000000000000        0x0 c:/st/stm32cubeide_1.4.0/stm32cubeide/plugins/com.st.stm32cube.ide.mcu.externaltools.gnu-tools-for-stm32.7-2018-q2-update.win32_1.4.0.202007081208/tools/bin/../lib/gcc/arm-none-eabi/7.3.1/../../../../arm-none-eabi/lib/thumb/v7-m\libc_nano.a(lib_a-impure.o)
 .data          0x0000000000000000        0x0 c:/st/stm32cubeide_1.4.0/stm32cubeide/plugins/com.st.stm32cube.ide.mcu.externaltools.gnu-tools-for-stm32.7-2018-q2-update.win32_1.4.0.202007081208/tools/bin/../lib/gcc/arm-none-eabi/7.3.1/../../../../arm-none-eabi/lib/thumb/v7-m\libc_nano.a(lib_a-impure.o)
 .bss           0x0000000000000000        0x0 c:/st/stm32cubeide_1.4.0/stm32cubeide/plugins/com.st.stm32cube.ide.mcu.externaltools.gnu-tools-for-stm32.7-2018-q2-update.win32_1.4.0.202007081208/tools/bin/../lib/gcc/arm-none-eabi/7.3.1/../../../../arm-none-eabi/lib/thumb/v7-m\libc_nano.a(lib_a-impure.o)
 .data._impure_ptr
                0x0000000000000000        0x4 c:/st/stm32cubeide_1.4.0/stm32cubeide/plugins/com.st.stm32cube.ide.mcu.externaltools.gnu-tools-for-stm32.7-2018-q2-update.win32_1.4.0.202007081208/tools/bin/../lib/gcc/arm-none-eabi/7.3.1/../../../../arm-none-eabi/lib/thumb/v7-m\libc_nano.a(lib_a-impure.o)
 .data.impure_data
                0x0000000000000000       0x60 c:/st/stm32cubeide_1.4.0/stm32cubeide/plugins/com.st.stm32cube.ide.mcu.externaltools.gnu-tools-for-stm32.7-2018-q2-update.win32_1.4.0.202007081208/tools/bin/../lib/gcc/arm-none-eabi/7.3.1/../../../../arm-none-eabi/lib/thumb/v7-m\libc_nano.a(lib_a-impure.o)
 .rodata._global_impure_ptr
                0x0000000000000000        0x4 c:/st/stm32cubeide_1.4.0/stm32cubeide/plugins/com.st.stm32cube.ide.mcu.externaltools.gnu-tools-for-stm32.7-2018-q2-update.win32_1.4.0.202007081208/tools/bin/../lib/gcc/arm-none-eabi/7.3.1/../../../../arm-none-eabi/lib/thumb/v7-m\libc_nano.a(lib_a-impure.o)
 .ARM.attributes
                0x0000000000000000       0x2d c:/st/stm32cubeide_1.4.0/stm32cubeide/plugins/com.st.stm32cube.ide.mcu.externaltools.gnu-tools-for-stm32.7-2018-q2-update.win32_1.4.0.202007081208/tools/bin/../lib/gcc/arm-none-eabi/7.3.1/../../../../arm-none-eabi/lib/thumb/v7-m\libc_nano.a(lib_a-impure.o)
 .text          0x0000000000000000        0x0 c:/st/stm32cubeide_1.4.0/stm32cubeide/plugins/com.st.stm32cube.ide.mcu.externaltools.gnu-tools-for-stm32.7-2018-q2-update.win32_1.4.0.202007081208/tools/bin/../lib/gcc/arm-none-eabi/7.3.1/../../../../arm-none-eabi/lib/thumb/v7-m\libc_nano.a(lib_a-init.o)
 .data          0x0000000000000000        0x0 c:/st/stm32cubeide_1.4.0/stm32cubeide/plugins/com.st.stm32cube.ide.mcu.externaltools.gnu-tools-for-stm32.7-2018-q2-update.win32_1.4.0.202007081208/tools/bin/../lib/gcc/arm-none-eabi/7.3.1/../../../../arm-none-eabi/lib/thumb/v7-m\libc_nano.a(lib_a-init.o)
 .bss           0x0000000000000000        0x0 c:/st/stm32cubeide_1.4.0/stm32cubeide/plugins/com.st.stm32cube.ide.mcu.externaltools.gnu-tools-for-stm32.7-2018-q2-update.win32_1.4.0.202007081208/tools/bin/../lib/gcc/arm-none-eabi/7.3.1/../../../../arm-none-eabi/lib/thumb/v7-m\libc_nano.a(lib_a-init.o)
 .text          0x0000000000000000        0x0 c:/st/stm32cubeide_1.4.0/stm32cubeide/plugins/com.st.stm32cube.ide.mcu.externaltools.gnu-tools-for-stm32.7-2018-q2-update.win32_1.4.0.202007081208/tools/bin/../lib/gcc/arm-none-eabi/7.3.1/../../../../arm-none-eabi/lib/thumb/v7-m\libc_nano.a(lib_a-memset.o)
 .data          0x0000000000000000        0x0 c:/st/stm32cubeide_1.4.0/stm32cubeide/plugins/com.st.stm32cube.ide.mcu.externaltools.gnu-tools-for-stm32.7-2018-q2-update.win32_1.4.0.202007081208/tools/bin/../lib/gcc/arm-none-eabi/7.3.1/../../../../arm-none-eabi/lib/thumb/v7-m\libc_nano.a(lib_a-memset.o)
 .bss           0x0000000000000000        0x0 c:/st/stm32cubeide_1.4.0/stm32cubeide/plugins/com.st.stm32cube.ide.mcu.externaltools.gnu-tools-for-stm32.7-2018-q2-update.win32_1.4.0.202007081208/tools/bin/../lib/gcc/arm-none-eabi/7.3.1/../../../../arm-none-eabi/lib/thumb/v7-m\libc_nano.a(lib_a-memset.o)
 .text.memset   0x0000000000000000       0x10 c:/st/stm32cubeide_1.4.0/stm32cubeide/plugins/com.st.stm32cube.ide.mcu.externaltools.gnu-tools-for-stm32.7-2018-q2-update.win32_1.4.0.202007081208/tools/bin/../lib/gcc/arm-none-eabi/7.3.1/../../../../arm-none-eabi/lib/thumb/v7-m\libc_nano.a(lib_a-memset.o)
 .debug_frame   0x0000000000000000       0x20 c:/st/stm32cubeide_1.4.0/stm32cubeide/plugins/com.st.stm32cube.ide.mcu.externaltools.gnu-tools-for-stm32.7-2018-q2-update.win32_1.4.0.202007081208/tools/bin/../lib/gcc/arm-none-eabi/7.3.1/../../../../arm-none-eabi/lib/thumb/v7-m\libc_nano.a(lib_a-memset.o)
 .ARM.attributes
                0x0000000000000000       0x2d c:/st/stm32cubeide_1.4.0/stm32cubeide/plugins/com.st.stm32cube.ide.mcu.externaltools.gnu-tools-for-stm32.7-2018-q2-update.win32_1.4.0.202007081208/tools/bin/../lib/gcc/arm-none-eabi/7.3.1/../../../../arm-none-eabi/lib/thumb/v7-m\libc_nano.a(lib_a-memset.o)
 .text          0x0000000000000000        0x0 c:/st/stm32cubeide_1.4.0/stm32cubeide/plugins/com.st.stm32cube.ide.mcu.externaltools.gnu-tools-for-stm32.7-2018-q2-update.win32_1.4.0.202007081208/tools/bin/../lib/gcc/arm-none-eabi/7.3.1/thumb/v7-m/crtend.o
 .data          0x0000000000000000        0x0 c:/st/stm32cubeide_1.4.0/stm32cubeide/plugins/com.st.stm32cube.ide.mcu.externaltools.gnu-tools-for-stm32.7-2018-q2-update.win32_1.4.0.202007081208/tools/bin/../lib/gcc/arm-none-eabi/7.3.1/thumb/v7-m/crtend.o
 .bss           0x0000000000000000        0x0 c:/st/stm32cubeide_1.4.0/stm32cubeide/plugins/com.st.stm32cube.ide.mcu.externaltools.gnu-tools-for-stm32.7-2018-q2-update.win32_1.4.0.202007081208/tools/bin/../lib/gcc/arm-none-eabi/7.3.1/thumb/v7-m/crtend.o
 .eh_frame      0x0000000000000000        0x4 c:/st/stm32cubeide_1.4.0/stm32cubeide/plugins/com.st.stm32cube.ide.mcu.externaltools.gnu-tools-for-stm32.7-2018-q2-update.win32_1.4.0.202007081208/tools/bin/../lib/gcc/arm-none-eabi/7.3.1/thumb/v7-m/crtend.o
 .ARM.attributes
                0x0000000000000000       0x2d c:/st/stm32cubeide_1.4.0/stm32cubeide/plugins/com.st.stm32cube.ide.mcu.externaltools.gnu-tools-for-stm32.7-2018-q2-update.win32_1.4.0.202007081208/tools/bin/../lib/gcc/arm-none-eabi/7.3.1/thumb/v7-m/crtend.o
 .text          0x0000000000000000        0x0 c:/st/stm32cubeide_1.4.0/stm32cubeide/plugins/com.st.stm32cube.ide.mcu.externaltools.gnu-tools-for-stm32.7-2018-q2-update.win32_1.4.0.202007081208/tools/bin/../lib/gcc/arm-none-eabi/7.3.1/thumb/v7-m/crtn.o
 .data          0x0000000000000000        0x0 c:/st/stm32cubeide_1.4.0/stm32cubeide/plugins/com.st.stm32cube.ide.mcu.externaltools.gnu-tools-for-stm32.7-2018-q2-update.win32_1.4.0.202007081208/tools/bin/../lib/gcc/arm-none-eabi/7.3.1/thumb/v7-m/crtn.o
 .bss           0x0000000000000000        0x0 c:/st/stm32cubeide_1.4.0/stm32cubeide/plugins/com.st.stm32cube.ide.mcu.externaltools.gnu-tools-for-stm32.7-2018-q2-update.win32_1.4.0.202007081208/tools/bin/../lib/gcc/arm-none-eabi/7.3.1/thumb/v7-m/crtn.o

Memory Configuration

Name             Origin             Length             Attributes
RAM              0x0000000020000000 0x0000000000002800 xrw
ROM              0x0000000008000000 0x0000000000008000 xr
*default*        0x0000000000000000 0xffffffffffffffff

Linker script and memory map

LOAD c:/st/stm32cubeide_1.4.0/stm32cubeide/plugins/com.st.stm32cube.ide.mcu.externaltools.gnu-tools-for-stm32.7-2018-q2-update.win32_1.4.0.202007081208/tools/bin/../lib/gcc/arm-none-eabi/7.3.1/thumb/v7-m/crti.o
LOAD c:/st/stm32cubeide_1.4.0/stm32cubeide/plugins/com.st.stm32cube.ide.mcu.externaltools.gnu-tools-for-stm32.7-2018-q2-update.win32_1.4.0.202007081208/tools/bin/../lib/gcc/arm-none-eabi/7.3.1/thumb/v7-m/crtbegin.o
LOAD c:/st/stm32cubeide_1.4.0/stm32cubeide/plugins/com.st.stm32cube.ide.mcu.externaltools.gnu-tools-for-stm32.7-2018-q2-update.win32_1.4.0.202007081208/tools/bin/../lib/gcc/arm-none-eabi/7.3.1/../../../../arm-none-eabi/lib/thumb/v7-m/crt0.o
LOAD STM32_F103C6_DRIVERS/I2C_SLAVE_EEPROM.o
LOAD STM32_F103C6_DRIVERS/STM32F103C6_I2C_DRIVER.o
LOAD STM32_F103C6_DRIVERS/STM32_F103C6_GPIO_DRIVERS.o
LOAD STM32_F103C6_DRIVERS/STM32_F103C6_RCC_DRIVERS.o
LOAD Src/main.o
LOAD Src/syscalls.o
LOAD Src/sysmem.o
LOAD Startup/startup_stm32f103c6tx.o
START GROUP
LOAD c:/st/stm32cubeide_1.4.0/stm32cubeide/plugins/com.st.stm32cube.ide.mcu.externaltools.gnu-tools-for-stm32.7-2018-q2-update.win32_1.4.0.202007081208/tools/bin/../lib/gcc/arm-none-eabi/7.3.1/../../../../arm-none-eabi/lib/thumb/v7-m\libc_nano.a
LOAD c:/st/stm32cubeide_1.4.0/stm32cubeide/plugins/com.st.stm32cube.ide.mcu.externaltools.gnu-tools-for-stm32.7-2018-q2-update.win32_1.4.0.202007081208/tools/bin/../lib/gcc/arm-none-eabi/7.3.1/../../../../arm-none-eabi/lib/thumb/v7-m\libm.a
END GROUP
START GROUP
LOAD c:/st/stm32cubeide_1.4.0/stm32cubeide/plugins/com.st.stm32cube.ide.mcu.externaltools.gnu-tools-for-stm32.7-2018-q2-update.win32_1.4.0.202007081208/tools/bin/../lib/gcc/arm-none-eabi/7.3.1/thumb/v7-m\libgcc.a
LOAD c:/st/stm32cubeide_1.4.0/stm32cubeide/plugins/com.st.stm32cube.ide.mcu.externaltools.gnu-tools-for-stm32.7-2018-q2-update.win32_1.4.0.202007081208/tools/bin/../lib/gcc/arm-none-eabi/7.3.1/../../../../arm-none-eabi/lib/thumb/v7-m\libg_nano.a
LOAD c:/st/stm32cubeide_1.4.0/stm32cubeide/plugins/com.st.stm32cube.ide.mcu.externaltools.gnu-tools-for-stm32.7-2018-q2-update.win32_1.4.0.202007081208/tools/bin/../lib/gcc/arm-none-eabi/7.3.1/../../../../arm-none-eabi/lib/thumb/v7-m\libc_nano.a
END GROUP
START GROUP
LOAD c:/st/stm32cubeide_1.4.0/stm32cubeide/plugins/com.st.stm32cube.ide.mcu.externaltools.gnu-tools-for-stm32.7-2018-q2-update.win32_1.4.0.202007081208/tools/bin/../lib/gcc/arm-none-eabi/7.3.1/thumb/v7-m\libgcc.a
LOAD c:/st/stm32cubeide_1.4.0/stm32cubeide/plugins/com.st.stm32cube.ide.mcu.externaltools.gnu-tools-for-stm32.7-2018-q2-update.win32_1.4.0.202007081208/tools/bin/../lib/gcc/arm-none-eabi/7.3.1/../../../../arm-none-eabi/lib/thumb/v7-m\libc_nano.a
LOAD c:/st/stm32cubeide_1.4.0/stm32cubeide/plugins/com.st.stm32cube.ide.mcu.externaltools.gnu-tools-for-stm32.7-2018-q2-update.win32_1.4.0.202007081208/tools/bin/../lib/gcc/arm-none-eabi/7.3.1/../../../../arm-none-eabi/lib/thumb/v7-m\libnosys.a
END GROUP
START GROUP
LOAD c:/st/stm32cubeide_1.4.0/stm32cubeide/plugins/com.st.stm32cube.ide.mcu.externaltools.gnu-tools-for-stm32.7-2018-q2-update.win32_1.4.0.202007081208/tools/bin/../lib/gcc/arm-none-eabi/7.3.1/thumb/v7-m\libgcc.a
LOAD c:/st/stm32cubeide_1.4.0/stm32cubeide/plugins/com.st.stm32cube.ide.mcu.externaltools.gnu-tools-for-stm32.7-2018-q2-update.win32_1.4.0.202007081208/tools/bin/../lib/gcc/arm-none-eabi/7.3.1/../../../../arm-none-eabi/lib/thumb/v7-m\libc_nano.a
LOAD c:/st/stm32cubeide_1.4.0/stm32cubeide/plugins/com.st.stm32cube.ide.mcu.externaltools.gnu-tools-for-stm32.7-2018-q2-update.win32_1.4.0.202007081208/tools/bin/../lib/gcc/arm-none-eabi/7.3.1/../../../../arm-none-eabi/lib/thumb/v7-m\libnosys.a
END GROUP
LOAD c:/st/stm32cubeide_1.4.0/stm32cubeide/plugins/com.st.stm32cube.ide.mcu.externaltools.gnu-tools-for-stm32.7-2018-q2-update.win32_1.4.0.202007081208/tools/bin/../lib/gcc/arm-none-eabi/7.3.1/thumb/v7-m/crtend.o
LOAD c:/st/stm32cubeide_1.4.0/stm32cubeide/plugins/com.st.stm32cube.ide.mcu.externaltools.gnu-tools-for-stm32.7-2018-q2-update.win32_1.4.0.202007081208/tools/bin/../lib/gcc/arm-none-eabi/7.3.1/thumb/v7-m/crtn.o
                0x0000000020002800                _estack = (ORIGIN (RAM) + LENGTH (RAM))
                0x0000000000000200                _Min_Heap_Size = 0x200
                0x0000000000000400                _Min_Stack_Size = 0x400

.isr_vector     0x0000000008000000      0x130
                0x0000000008000000                . = ALIGN (0x4)
 *(.isr_vector)
 .isr_vector    0x0000000008000000      0x130 Startup/startup_stm32f103c6tx.o
                0x0000000008000000                g_pfnVectors
                0x0000000008000130                . = ALIGN (0x4)

.text           0x0000000008000130      0xb78
                0x0000000008000130                . = ALIGN (0x4)
 *(.text)
 .text          0x0000000008000130       0x40 c:/st/stm32cubeide_1.4.0/stm32cubeide/plugins/com.st.stm32cube.ide.mcu.externaltools.gnu-tools-for-stm32.7-2018-q2-update.win32_1.4.0.202007081208/tools/bin/../lib/gcc/arm-none-eabi/7.3.1/thumb/v7-m/crtbegin.o
 *(.text*)
 .text.EEPROM_Init
                0x0000000008000170       0x3c STM32_F103C6_DRIVERS/I2C_SLAVE_EEPROM.o
                0x0000000008000170                EEPROM_Init
 .text.EEPROM_Write_NBytes
                0x00000000080001ac       0xa4 STM32_F103C6_DRIVERS/I2C_SLAVE_EEPROM.o
                0x00000000080001ac                EEPROM_Write_NBytes
 .text.EEPROM_Read_Byte
                0x0000000008000250       0x58 STM32_F103C6_DRIVERS/I2C_SLAVE_EEPROM.o
                0x0000000008000250                EEPROM_Read_Byte
 .text.MCAL_I2C_Init
                0x00000000080002a8      0x228 STM32_F103C6_DRIVERS/STM32F103C6_I2C_DRIVER.o
                0x00000000080002a8                MCAL_I2C_Init
 .text.MCAL_I2C_Set_GPIO_Pins
                0x00000000080004d0       0x94 STM32_F103C6_DRIVERS/STM32F103C6_I2C_DRIVER.o
                0x00000000080004d0                MCAL_I2C_Set_GPIO_Pins
 .text.MCAL_I2C_Master_TX
                0x0000000008000564       0xc8 STM32_F103C6_DRIVERS/STM32F103C6_I2C_DRIVER.o
                0x0000000008000564                MCAL_I2C_Master_TX
 .text.I2C_Generate_Start
                0x000000000800062c       0x4e STM32_F103C6_DRIVERS/STM32F103C6_I2C_DRIVER.o
                0x000000000800062c                I2C_Generate_Start
 .text.I2C_Send_Address
                0x000000000800067a       0x3e STM32_F103C6_DRIVERS/STM32F103C6_I2C_DRIVER.o
                0x000000000800067a                I2C_Send_Address
 .text.I2C_Generate_STOP
                0x00000000080006b8       0x36 STM32_F103C6_DRIVERS/STM32F103C6_I2C_DRIVER.o
                0x00000000080006b8                I2C_Generate_STOP
 *fill*         0x00000000080006ee        0x2 
 .text.I2C_Get_Flag_Status
                0x00000000080006f0       0xf8 STM32_F103C6_DRIVERS/STM32F103C6_I2C_DRIVER.o
                0x00000000080006f0                I2C_Get_Flag_Status
 .text.I2C_AcknowledgeConfig
                0x00000000080007e8       0x36 STM32_F103C6_DRIVERS/STM32F103C6_I2C_DRIVER.o
                0x00000000080007e8                I2C_AcknowledgeConfig
 *fill*         0x000000000800081e        0x2 
 .text.MCAL_I2C_Master_RX
                0x0000000008000820       0xe0 STM32_F103C6_DRIVERS/STM32F103C6_I2C_DRIVER.o
                0x0000000008000820                MCAL_I2C_Master_RX
 .text.I2C1_EV_IRQHandler
                0x0000000008000900        0xc STM32_F103C6_DRIVERS/STM32F103C6_I2C_DRIVER.o
                0x0000000008000900                I2C1_EV_IRQHandler
 .text.I2C1_ER_IRQHandler
                0x000000000800090c        0xc STM32_F103C6_DRIVERS/STM32F103C6_I2C_DRIVER.o
                0x000000000800090c                I2C1_ER_IRQHandler
 .text.I2C2_EV_IRQHandler
                0x0000000008000918        0xc STM32_F103C6_DRIVERS/STM32F103C6_I2C_DRIVER.o
                0x0000000008000918                I2C2_EV_IRQHandler
 .text.I2C2_ER_IRQHandler
                0x0000000008000924        0xc STM32_F103C6_DRIVERS/STM32F103C6_I2C_DRIVER.o
                0x0000000008000924                I2C2_ER_IRQHandler
 .text.Get_CRLH_Postion
                0x0000000008000930       0xc6 STM32_F103C6_DRIVERS/STM32_F103C6_GPIO_DRIVERS.o
                0x0000000008000930                Get_CRLH_Postion
 .text.MCAL_GPIO_Init
                0x00000000080009f6       0xf6 STM32_F103C6_DRIVERS/STM32_F103C6_GPIO_DRIVERS.o
                0x00000000080009f6                MCAL_GPIO_Init
 .text.MCAL_RCC_Get_SYS_CLKFreq
                0x0000000008000aec       0x40 STM32_F103C6_DRIVERS/STM32_F103C6_RCC_DRIVERS.o
                0x0000000008000aec                MCAL_RCC_Get_SYS_CLKFreq
 .text.MCAL_RCC_Get_HCLK_Freq
                0x0000000008000b2c       0x28 STM32_F103C6_DRIVERS/STM32_F103C6_RCC_DRIVERS.o
                0x0000000008000b2c                MCAL_RCC_Get_HCLK_Freq
 .text.MCAL_RCC_Get_PCLK1_Freq
                0x0000000008000b54       0x28 STM32_F103C6_DRIVERS/STM32_F103C6_RCC_DRIVERS.o
                0x0000000008000b54                MCAL_RCC_Get_PCLK1_Freq
 .text.main     0x0000000008000b7c       0x78 Src/main.o
                0x0000000008000b7c                main
 .text.Reset_Handler
                0x0000000008000bf4       0x50 Startup/startup_stm32f103c6tx.o
                0x0000000008000bf4                Reset_Handler
 .text.Default_Handler
                0x0000000008000c44        0x2 Startup/startup_stm32f103c6tx.o
                0x0000000008000c44                EXTI2_IRQHandler
                0x0000000008000c44                TIM8_TRG_COM_IRQHandler
                0x0000000008000c44                TIM8_CC_IRQHandler
                0x0000000008000c44                DebugMon_Handler
                0x0000000008000c44                TIM1_CC_IRQHandler
                0x0000000008000c44                HardFault_Handler
                0x0000000008000c44                TIM6_IRQHandler
                0x0000000008000c44                SysTick_Handler
                0x0000000008000c44                PVD_IRQHandler
                0x0000000008000c44                SDIO_IRQHandler
                0x0000000008000c44                PendSV_Handler
                0x0000000008000c44                NMI_Handler
                0x0000000008000c44                EXTI3_IRQHandler
                0x0000000008000c44                USB_HP_CAN_TX_IRQHandler
                0x0000000008000c44                EXTI0_IRQHandler
                0x0000000008000c44                UsageFault_Handler
                0x0000000008000c44                ADC1_2_IRQHandler
                0x0000000008000c44                SPI1_IRQHandler
                0x0000000008000c44                CAN_SCE_IRQHandler
                0x0000000008000c44                TAMPER_IRQHandler
                0x0000000008000c44                TIM8_UP_IRQHandler
                0x0000000008000c44                DMA2_Channel2_IRQHandler
                0x0000000008000c44                DMA1_Channel4_IRQHandler
                0x0000000008000c44                USART3_IRQHandler
                0x0000000008000c44                RTC_IRQHandler
                0x0000000008000c44                DMA1_Channel7_IRQHandler
                0x0000000008000c44                UART5_IRQHandler
                0x0000000008000c44                ADC3_IRQHandler
                0x0000000008000c44                TIM4_IRQHandler
                0x0000000008000c44                CAN_RX1_IRQHandler
                0x0000000008000c44                DMA2_Channel1_IRQHandler
                0x0000000008000c44                DMA1_Channel6_IRQHandler
                0x0000000008000c44                UART4_IRQHandler
                0x0000000008000c44                TIM3_IRQHandler
                0x0000000008000c44                RCC_IRQHandler
                0x0000000008000c44                TIM1_TRG_COM_IRQHandler
                0x0000000008000c44                DMA1_Channel1_IRQHandler
                0x0000000008000c44                Default_Handler
                0x0000000008000c44                EXTI15_10_IRQHandler
                0x0000000008000c44                TIM7_IRQHandler
                0x0000000008000c44                TIM5_IRQHandler
                0x0000000008000c44                EXTI9_5_IRQHandler
                0x0000000008000c44                SPI2_IRQHandler
                0x0000000008000c44                USB_LP_CAN_RX0_IRQHandler
                0x0000000008000c44                MemManage_Handler
                0x0000000008000c44                SVC_Handler
                0x0000000008000c44                DMA1_Channel5_IRQHandler
                0x0000000008000c44                EXTI4_IRQHandler
                0x0000000008000c44                DMA1_Channel3_IRQHandler
                0x0000000008000c44                FSMC_IRQHandler
                0x0000000008000c44                TIM1_UP_IRQHandler
                0x0000000008000c44                WWDG_IRQHandler
                0x0000000008000c44                TIM2_IRQHandler
                0x0000000008000c44                TIM1_BRK_IRQHandler
                0x0000000008000c44                EXTI1_IRQHandler
                0x0000000008000c44                RTCAlarm_IRQHandler
                0x0000000008000c44                DMA2_Channel4_5_IRQHandler
                0x0000000008000c44                USART2_IRQHandler
                0x0000000008000c44                DMA1_Channel2_IRQHandler
                0x0000000008000c44                TIM8_BRK_IRQHandler
                0x0000000008000c44                FLASH_IRQHandler
                0x0000000008000c44                BusFault_Handler
                0x0000000008000c44                USART1_IRQHandler
                0x0000000008000c44                SPI3_IRQHandler
                0x0000000008000c44                DMA2_Channel3_IRQHandler
 *fill*         0x0000000008000c46        0x2 
 .text.__libc_init_array
                0x0000000008000c48       0x48 c:/st/stm32cubeide_1.4.0/stm32cubeide/plugins/com.st.stm32cube.ide.mcu.externaltools.gnu-tools-for-stm32.7-2018-q2-update.win32_1.4.0.202007081208/tools/bin/../lib/gcc/arm-none-eabi/7.3.1/../../../../arm-none-eabi/lib/thumb/v7-m\libc_nano.a(lib_a-init.o)
                0x0000000008000c48                __libc_init_array
 *(.glue_7)
 .glue_7        0x0000000008000c90        0x0 linker stubs
 *(.glue_7t)
 .glue_7t       0x0000000008000c90        0x0 linker stubs
 *(.eh_frame)
 .eh_frame      0x0000000008000c90        0x0 c:/st/stm32cubeide_1.4.0/stm32cubeide/plugins/com.st.stm32cube.ide.mcu.externaltools.gnu-tools-for-stm32.7-2018-q2-update.win32_1.4.0.202007081208/tools/bin/../lib/gcc/arm-none-eabi/7.3.1/thumb/v7-m/crtbegin.o
 *(.init)
 .init          0x0000000008000c90        0x4 c:/st/stm32cubeide_1.4.0/stm32cubeide/plugins/com.st.stm32cube.ide.mcu.externaltools.gnu-tools-for-stm32.7-2018-q2-update.win32_1.4.0.202007081208/tools/bin/../lib/gcc/arm-none-eabi/7.3.1/thumb/v7-m/crti.o
                0x0000000008000c90                _init
 .init          0x0000000008000c94        0x8 c:/st/stm32cubeide_1.4.0/stm32cubeide/plugins/com.st.stm32cube.ide.mcu.externaltools.gnu-tools-for-stm32.7-2018-q2-update.win32_1.4.0.202007081208/tools/bin/../lib/gcc/arm-none-eabi/7.3.1/thumb/v7-m/crtn.o
 *(.fini)
 .fini          0x0000000008000c9c        0x4 c:/st/stm32cubeide_1.4.0/stm32cubeide/plugins/com.st.stm32cube.ide.mcu.externaltools.gnu-tools-for-stm32.7-2018-q2-update.win32_1.4.0.202007081208/tools/bin/../lib/gcc/arm-none-eabi/7.3.1/thumb/v7-m/crti.o
                0x0000000008000c9c                _fini
 .fini          0x0000000008000ca0        0x8 c:/st/stm32cubeide_1.4.0/stm32cubeide/plugins/com.st.stm32cube.ide.mcu.externaltools.gnu-tools-for-stm32.7-2018-q2-update.win32_1.4.0.202007081208/tools/bin/../lib/gcc/arm-none-eabi/7.3.1/thumb/v7-m/crtn.o
                0x0000000008000ca8                . = ALIGN (0x4)
                0x0000000008000ca8                _etext = .

.vfp11_veneer   0x0000000008000ca8        0x0
 .vfp11_veneer  0x0000000008000ca8        0x0 linker stubs

.v4_bx          0x0000000008000ca8        0x0
 .v4_bx         0x0000000008000ca8        0x0 linker stubs

.iplt           0x0000000008000ca8        0x0
 .iplt          0x0000000008000ca8        0x0 c:/st/stm32cubeide_1.4.0/stm32cubeide/plugins/com.st.stm32cube.ide.mcu.externaltools.gnu-tools-for-stm32.7-2018-q2-update.win32_1.4.0.202007081208/tools/bin/../lib/gcc/arm-none-eabi/7.3.1/thumb/v7-m/crtbegin.o

.rodata         0x0000000008000ca8       0x20
                0x0000000008000ca8                . = ALIGN (0x4)
 *(.rodata)
 .rodata        0x0000000008000ca8        0x7 Src/main.o
 *(.rodata*)
 *fill*         0x0000000008000caf        0x1 
 .rodata.APBPrescTable
                0x0000000008000cb0        0x8 STM32_F103C6_DRIVERS/STM32_F103C6_RCC_DRIVERS.o
                0x0000000008000cb0                APBPrescTable
 .rodata.AHBPrescTable
                0x0000000008000cb8       0x10 STM32_F103C6_DRIVERS/STM32_F103C6_RCC_DRIVERS.o
                0x0000000008000cb8                AHBPrescTable
                0x0000000008000cc8                . = ALIGN (0x4)

.rel.dyn        0x0000000008000cc8        0x0
 .rel.iplt      0x0000000008000cc8        0x0 c:/st/stm32cubeide_1.4.0/stm32cubeide/plugins/com.st.stm32cube.ide.mcu.externaltools.gnu-tools-for-stm32.7-2018-q2-update.win32_1.4.0.202007081208/tools/bin/../lib/gcc/arm-none-eabi/7.3.1/thumb/v7-m/crtbegin.o

.ARM.extab      0x0000000008000cc8        0x0
                0x0000000008000cc8                . = ALIGN (0x4)
 *(.ARM.extab* .gnu.linkonce.armextab.*)
                0x0000000008000cc8                . = ALIGN (0x4)

.ARM            0x0000000008000cc8        0x0
                0x0000000008000cc8                . = ALIGN (0x4)
                0x0000000008000cc8                __exidx_start = .
 *(.ARM.exidx*)
                0x0000000008000cc8                __exidx_end = .
                0x0000000008000cc8                . = ALIGN (0x4)

.preinit_array  0x0000000008000cc8        0x0
                0x0000000008000cc8                . = ALIGN (0x4)
                0x0000000008000cc8                PROVIDE (__preinit_array_start = .)
 *(.preinit_array*)
                0x0000000008000cc8                PROVIDE (__preinit_array_end = .)
                0x0000000008000cc8                . = ALIGN (0x4)

.init_array     0x0000000008000cc8        0x4
                0x0000000008000cc8                . = ALIGN (0x4)
                0x0000000008000cc8                PROVIDE (__init_array_start = .)
 *(SORT_BY_NAME(.init_array.*))
 *(.init_array*)
 .init_array    0x0000000008000cc8        0x4 c:/st/stm32cubeide_1.4.0/stm32cubeide/plugins/com.st.stm32cube.ide.mcu.externaltools.gnu-tools-for-stm32.7-2018-q2-update.win32_1.4.0.202007081208/tools/bin/../lib/gcc/arm-none-eabi/7.3.1/thumb/v7-m/crtbegin.o
                0x0000000008000ccc                PROVIDE (__init_array_end = .)
                0x0000000008000ccc                . = ALIGN (0x4)

.fini_array     0x0000000008000ccc        0x4
                0x0000000008000ccc                . = ALIGN (0x4)
                [!provide]                        PROVIDE (__fini_array_start = .)
 *(SORT_BY_NAME(.fini_array.*))
 *(.fini_array*)
 .fini_array    0x0000000008000ccc        0x4 c:/st/stm32cubeide_1.4.0/stm32cubeide/plugins/com.st.stm32cube.ide.mcu.externaltools.gnu-tools-for-stm32.7-2018-q2-update.win32_1.4.0.202007081208/tools/bin/../lib/gcc/arm-none-eabi/7.3.1/thumb/v7-m/crtbegin.o
                [!provide]                        PROVIDE (__fini_array_end = .)
                0x0000000008000cd0                . = ALIGN (0x4)
                0x0000000008000cd0                _sidata = LOADADDR (.data)

.data           0x0000000020000000        0x0 load address 0x0000000008000cd0
                0x0000000020000000                . = ALIGN (0x4)
                0x0000000020000000                _sdata = .
 *(.data)
 *(.data*)
                0x0000000020000000                . = ALIGN (0x4)
                0x0000000020000000                _edata = .

.igot.plt       0x0000000020000000        0x0 load address 0x0000000008000cd0
 .igot.plt      0x0000000020000000        0x0 c:/st/stm32cubeide_1.4.0/stm32cubeide/plugins/com.st.stm32cube.ide.mcu.externaltools.gnu-tools-for-stm32.7-2018-q2-update.win32_1.4.0.202007081208/tools/bin/../lib/gcc/arm-none-eabi/7.3.1/thumb/v7-m/crtbegin.o
                0x0000000020000000                . = ALIGN (0x4)

.bss            0x0000000020000000       0x5c load address 0x0000000008000cd0
                0x0000000020000000                _sbss = .
                0x0000000020000000                __bss_start__ = _sbss
 *(.bss)
 .bss           0x0000000020000000       0x1c c:/st/stm32cubeide_1.4.0/stm32cubeide/plugins/com.st.stm32cube.ide.mcu.externaltools.gnu-tools-for-stm32.7-2018-q2-update.win32_1.4.0.202007081208/tools/bin/../lib/gcc/arm-none-eabi/7.3.1/thumb/v7-m/crtbegin.o
 *(.bss*)
 .bss.Global_I2C_Config
                0x000000002000001c       0x40 STM32_F103C6_DRIVERS/STM32F103C6_I2C_DRIVER.o
                0x000000002000001c                Global_I2C_Config
 *(COMMON)
                0x000000002000005c                . = ALIGN (0x4)
                0x000000002000005c                _ebss = .
                0x000000002000005c                __bss_end__ = _ebss

._user_heap_stack
                0x000000002000005c      0x604 load address 0x0000000008000cd0
                0x0000000020000060                . = ALIGN (0x8)
 *fill*         0x000000002000005c        0x4 
                [!provide]                        PROVIDE (end = .)
                0x0000000020000060                PROVIDE (_end = .)
                0x0000000020000260                . = (. + _Min_Heap_Size)
 *fill*         0x0000000020000060      0x200 
                0x0000000020000660                . = (. + _Min_Stack_Size)
 *fill*         0x0000000020000260      0x400 
                0x0000000020000660                . = ALIGN (0x8)

/DISCARD/
 libc.a(*)
 libm.a(*)
 libgcc.a(*)

.ARM.attributes
                0x0000000000000000       0x29
 *(.ARM.attributes)
 .ARM.attributes
                0x0000000000000000       0x1d c:/st/stm32cubeide_1.4.0/stm32cubeide/plugins/com.st.stm32cube.ide.mcu.externaltools.gnu-tools-for-stm32.7-2018-q2-update.win32_1.4.0.202007081208/tools/bin/../lib/gcc/arm-none-eabi/7.3.1/thumb/v7-m/crti.o
 .ARM.attributes
                0x000000000000001d       0x2d c:/st/stm32cubeide_1.4.0/stm32cubeide/plugins/com.st.stm32cube.ide.mcu.externaltools.gnu-tools-for-stm32.7-2018-q2-update.win32_1.4.0.202007081208/tools/bin/../lib/gcc/arm-none-eabi/7.3.1/thumb/v7-m/crtbegin.o
 .ARM.attributes
                0x000000000000004a       0x33 STM32_F103C6_DRIVERS/I2C_SLAVE_EEPROM.o
 .ARM.attributes
                0x000000000000007d       0x33 STM32_F103C6_DRIVERS/STM32F103C6_I2C_DRIVER.o
 .ARM.attributes
                0x00000000000000b0       0x33 STM32_F103C6_DRIVERS/STM32_F103C6_GPIO_DRIVERS.o
 .ARM.attributes
                0x00000000000000e3       0x33 STM32_F103C6_DRIVERS/STM32_F103C6_RCC_DRIVERS.o
 .ARM.attributes
                0x0000000000000116       0x33 Src/main.o
 .ARM.attributes
                0x0000000000000149       0x21 Startup/startup_stm32f103c6tx.o
 .ARM.attributes
                0x000000000000016a       0x2d c:/st/stm32cubeide_1.4.0/stm32cubeide/plugins/com.st.stm32cube.ide.mcu.externaltools.gnu-tools-for-stm32.7-2018-q2-update.win32_1.4.0.202007081208/tools/bin/../lib/gcc/arm-none-eabi/7.3.1/../../../../arm-none-eabi/lib/thumb/v7-m\libc_nano.a(lib_a-init.o)
 .ARM.attributes
                0x0000000000000197       0x1d c:/st/stm32cubeide_1.4.0/stm32cubeide/plugins/com.st.stm32cube.ide.mcu.externaltools.gnu-tools-for-stm32.7-2018-q2-update.win32_1.4.0.202007081208/tools/bin/../lib/gcc/arm-none-eabi/7.3.1/thumb/v7-m/crtn.o
OUTPUT(I2C_DRIVER.elf elf32-littlearm)

.debug_info     0x0000000000000000     0x4143
 .debug_info    0x0000000000000000      0xc98 STM32_F103C6_DRIVERS/I2C_SLAVE_EEPROM.o
 .debug_info    0x0000000000000c98     0x1235 STM32_F103C6_DRIVERS/STM32F103C6_I2C_DRIVER.o
 .debug_info    0x0000000000001ecd      0xd6a STM32_F103C6_DRIVERS/STM32_F103C6_GPIO_DRIVERS.o
 .debug_info    0x0000000000002c37      0xb25 STM32_F103C6_DRIVERS/STM32_F103C6_RCC_DRIVERS.o
 .debug_info    0x000000000000375c      0x9c5 Src/main.o
 .debug_info    0x0000000000004121       0x22 Startup/startup_stm32f103c6tx.o

.debug_abbrev   0x0000000000000000      0x99c
 .debug_abbrev  0x0000000000000000      0x1d1 STM32_F103C6_DRIVERS/I2C_SLAVE_EEPROM.o
 .debug_abbrev  0x00000000000001d1      0x27a STM32_F103C6_DRIVERS/STM32F103C6_I2C_DRIVER.o
 .debug_abbrev  0x000000000000044b      0x223 STM32_F103C6_DRIVERS/STM32_F103C6_GPIO_DRIVERS.o
 .debug_abbrev  0x000000000000066e      0x19b STM32_F103C6_DRIVERS/STM32_F103C6_RCC_DRIVERS.o
 .debug_abbrev  0x0000000000000809      0x181 Src/main.o
 .debug_abbrev  0x000000000000098a       0x12 Startup/startup_stm32f103c6tx.o

.debug_loc      0x0000000000000000      0xa46
 .debug_loc     0x0000000000000000       0xf2 STM32_F103C6_DRIVERS/I2C_SLAVE_EEPROM.o
 .debug_loc     0x00000000000000f2      0x524 STM32_F103C6_DRIVERS/STM32F103C6_I2C_DRIVER.o
 .debug_loc     0x0000000000000616      0x330 STM32_F103C6_DRIVERS/STM32_F103C6_GPIO_DRIVERS.o
 .debug_loc     0x0000000000000946       0xc8 STM32_F103C6_DRIVERS/STM32_F103C6_RCC_DRIVERS.o
 .debug_loc     0x0000000000000a0e       0x38 Src/main.o

.debug_aranges  0x0000000000000000      0x1a8
 .debug_aranges
                0x0000000000000000       0x30 STM32_F103C6_DRIVERS/I2C_SLAVE_EEPROM.o
 .debug_aranges
                0x0000000000000030       0x98 STM32_F103C6_DRIVERS/STM32F103C6_I2C_DRIVER.o
 .debug_aranges
                0x00000000000000c8       0x60 STM32_F103C6_DRIVERS/STM32_F103C6_GPIO_DRIVERS.o
 .debug_aranges
                0x0000000000000128       0x38 STM32_F103C6_DRIVERS/STM32_F103C6_RCC_DRIVERS.o
 .debug_aranges
                0x0000000000000160       0x20 Src/main.o
 .debug_aranges
                0x0000000000000180       0x28 Startup/startup_stm32f103c6tx.o

.debug_ranges   0x0000000000000000      0x150
 .debug_ranges  0x0000000000000000       0x20 STM32_F103C6_DRIVERS/I2C_SLAVE_EEPROM.o
 .debug_ranges  0x0000000000000020       0x88 STM32_F103C6_DRIVERS/STM32F103C6_I2C_DRIVER.o
 .debug_ranges  0x00000000000000a8       0x50 STM32_F103C6_DRIVERS/STM32_F103C6_GPIO_DRIVERS.o
 .debug_ranges  0x00000000000000f8       0x28 STM32_F103C6_DRIVERS/STM32_F103C6_RCC_DRIVERS.o
 .debug_ranges  0x0000000000000120       0x10 Src/main.o
 .debug_ranges  0x0000000000000130       0x20 Startup/startup_stm32f103c6tx.o

.debug_macro    0x0000000000000000     0x2698
 .debug_macro   0x0000000000000000      0x161 STM32_F103C6_DRIVERS/I2C_SLAVE_EEPROM.o
 .debug_macro   0x0000000000000161      0xa60 STM32_F103C6_DRIVERS/I2C_SLAVE_EEPROM.o
 .debug_macro   0x0000000000000bc1       0x18 STM32_F103C6_DRIVERS/I2C_SLAVE_EEPROM.o
 .debug_macro   0x0000000000000bd9       0x22 STM32_F103C6_DRIVERS/I2C_SLAVE_EEPROM.o
 .debug_macro   0x0000000000000bfb       0x40 STM32_F103C6_DRIVERS/I2C_SLAVE_EEPROM.o
 .debug_macro   0x0000000000000c3b       0x94 STM32_F103C6_DRIVERS/I2C_SLAVE_EEPROM.o
 .debug_macro   0x0000000000000ccf       0x3c STM32_F103C6_DRIVERS/I2C_SLAVE_EEPROM.o
 .debug_macro   0x0000000000000d0b       0x34 STM32_F103C6_DRIVERS/I2C_SLAVE_EEPROM.o
 .debug_macro   0x0000000000000d3f       0x16 STM32_F103C6_DRIVERS/I2C_SLAVE_EEPROM.o
 .debug_macro   0x0000000000000d55      0x10e STM32_F103C6_DRIVERS/I2C_SLAVE_EEPROM.o
 .debug_macro   0x0000000000000e63       0x8d STM32_F103C6_DRIVERS/I2C_SLAVE_EEPROM.o
 .debug_macro   0x0000000000000ef0       0x57 STM32_F103C6_DRIVERS/I2C_SLAVE_EEPROM.o
 .debug_macro   0x0000000000000f47       0x52 STM32_F103C6_DRIVERS/I2C_SLAVE_EEPROM.o
 .debug_macro   0x0000000000000f99       0x1f STM32_F103C6_DRIVERS/I2C_SLAVE_EEPROM.o
 .debug_macro   0x0000000000000fb8       0x43 STM32_F103C6_DRIVERS/I2C_SLAVE_EEPROM.o
 .debug_macro   0x0000000000000ffb       0x20 STM32_F103C6_DRIVERS/I2C_SLAVE_EEPROM.o
 .debug_macro   0x000000000000101b      0x1a3 STM32_F103C6_DRIVERS/I2C_SLAVE_EEPROM.o
 .debug_macro   0x00000000000011be      0x330 STM32_F103C6_DRIVERS/I2C_SLAVE_EEPROM.o
 .debug_macro   0x00000000000014ee       0x16 STM32_F103C6_DRIVERS/I2C_SLAVE_EEPROM.o
 .debug_macro   0x0000000000001504       0x29 STM32_F103C6_DRIVERS/I2C_SLAVE_EEPROM.o
 .debug_macro   0x000000000000152d       0xef STM32_F103C6_DRIVERS/I2C_SLAVE_EEPROM.o
 .debug_macro   0x000000000000161c       0x6a STM32_F103C6_DRIVERS/I2C_SLAVE_EEPROM.o
 .debug_macro   0x0000000000001686      0x1df STM32_F103C6_DRIVERS/I2C_SLAVE_EEPROM.o
 .debug_macro   0x0000000000001865      0x6b8 STM32_F103C6_DRIVERS/I2C_SLAVE_EEPROM.o
 .debug_macro   0x0000000000001f1d       0xd6 STM32_F103C6_DRIVERS/I2C_SLAVE_EEPROM.o
 .debug_macro   0x0000000000001ff3       0x10 STM32_F103C6_DRIVERS/I2C_SLAVE_EEPROM.o
 .debug_macro   0x0000000000002003       0x58 STM32_F103C6_DRIVERS/I2C_SLAVE_EEPROM.o
 .debug_macro   0x000000000000205b      0x15d STM32_F103C6_DRIVERS/STM32F103C6_I2C_DRIVER.o
 .debug_macro   0x00000000000021b8      0x13f STM32_F103C6_DRIVERS/STM32_F103C6_GPIO_DRIVERS.o
 .debug_macro   0x00000000000022f7       0xd0 STM32_F103C6_DRIVERS/STM32_F103C6_GPIO_DRIVERS.o
 .debug_macro   0x00000000000023c7      0x153 STM32_F103C6_DRIVERS/STM32_F103C6_RCC_DRIVERS.o
 .debug_macro   0x000000000000251a      0x17e Src/main.o

.debug_line     0x0000000000000000     0x2062
 .debug_line    0x0000000000000000      0x5fe STM32_F103C6_DRIVERS/I2C_SLAVE_EEPROM.o
 .debug_line    0x00000000000005fe      0x7d7 STM32_F103C6_DRIVERS/STM32F103C6_I2C_DRIVER.o
 .debug_line    0x0000000000000dd5      0x681 STM32_F103C6_DRIVERS/STM32_F103C6_GPIO_DRIVERS.o
 .debug_line    0x0000000000001456      0x5db STM32_F103C6_DRIVERS/STM32_F103C6_RCC_DRIVERS.o
 .debug_line    0x0000000000001a31      0x5ad Src/main.o
 .debug_line    0x0000000000001fde       0x84 Startup/startup_stm32f103c6tx.o

.debug_str      0x0000000000000000     0x9d06
 .debug_str     0x0000000000000000     0x9781 STM32_F103C6_DRIVERS/I2C_SLAVE_EEPROM.o
                                       0x99ee (size before relaxing)
 .debug_str     0x0000000000009781      0x365 STM32_F103C6_DRIVERS/STM32F103C6_I2C_DRIVER.o
                                       0x9cd0 (size before relaxing)
 .debug_str     0x0000000000009ae6      0x12d STM32_F103C6_DRIVERS/STM32_F103C6_GPIO_DRIVERS.o
                                       0x9729 (size before relaxing)
 .debug_str     0x0000000000009c13       0xaf STM32_F103C6_DRIVERS/STM32_F103C6_RCC_DRIVERS.o
                                       0x9667 (size before relaxing)
 .debug_str     0x0000000000009cc2       0x13 Src/main.o
                                       0x9766 (size before relaxing)
 .debug_str     0x0000000000009cd5       0x31 Startup/startup_stm32f103c6tx.o
                                         0x6e (size before relaxing)

.comment        0x0000000000000000       0x7b
 .comment       0x0000000000000000       0x7b STM32_F103C6_DRIVERS/I2C_SLAVE_EEPROM.o
                                         0x7c (size before relaxing)
 .comment       0x000000000000007b       0x7c STM32_F103C6_DRIVERS/STM32F103C6_I2C_DRIVER.o
 .comment       0x000000000000007b       0x7c STM32_F103C6_DRIVERS/STM32_F103C6_GPIO_DRIVERS.o
 .comment       0x000000000000007b       0x7c STM32_F103C6_DRIVERS/STM32_F103C6_RCC_DRIVERS.o
 .comment       0x000000000000007b       0x7c Src/main.o

.debug_frame    0x0000000000000000      0x538
 .debug_frame   0x0000000000000000       0x80 STM32_F103C6_DRIVERS/I2C_SLAVE_EEPROM.o
 .debug_frame   0x0000000000000080      0x260 STM32_F103C6_DRIVERS/STM32F103C6_I2C_DRIVER.o
 .debug_frame   0x00000000000002e0      0x178 STM32_F103C6_DRIVERS/STM32_F103C6_GPIO_DRIVERS.o
 .debug_frame   0x0000000000000458       0x84 STM32_F103C6_DRIVERS/STM32_F103C6_RCC_DRIVERS.o
 .debug_frame   0x00000000000004dc       0x30 Src/main.o
 .debug_frame   0x000000000000050c       0x2c c:/st/stm32cubeide_1.4.0/stm32cubeide/plugins/com.st.stm32cube.ide.mcu.externaltools.gnu-tools-for-stm32.7-2018-q2-update.win32_1.4.0.202007081208/tools/bin/../lib/gcc/arm-none-eabi/7.3.1/../../../../arm-none-eabi/lib/thumb/v7-m\libc_nano.a(lib_a-init.o)
